Component: ARM Compiler 5.06 update 5 (build 528) Tool: armlink [4d35e2]

==============================================================================

Section Cross References

    event_groups.o(i.vEventGroupClearBitsCallback) refers to event_groups.o(i.xEventGroupClearBits) for xEventGroupClearBits
    event_groups.o(i.vEventGroupDelete) refers to tasks.o(i.vTaskSuspendAll) for vTaskSuspendAll
    event_groups.o(i.vEventGroupDelete) refers to tasks.o(i.vTaskRemoveFromUnorderedEventList) for vTaskRemoveFromUnorderedEventList
    event_groups.o(i.vEventGroupDelete) refers to heap_4.o(i.vPortFree) for vPortFree
    event_groups.o(i.vEventGroupDelete) refers to tasks.o(i.xTaskResumeAll) for xTaskResumeAll
    event_groups.o(i.vEventGroupSetBitsCallback) refers to event_groups.o(i.xEventGroupSetBits) for xEventGroupSetBits
    event_groups.o(i.xEventGroupClearBits) refers to port.o(i.vPortEnterCritical) for vPortEnterCritical
    event_groups.o(i.xEventGroupClearBits) refers to port.o(i.vPortExitCritical) for vPortExitCritical
    event_groups.o(i.xEventGroupClearBitsFromISR) refers to timers.o(i.xTimerPendFunctionCallFromISR) for xTimerPendFunctionCallFromISR
    event_groups.o(i.xEventGroupClearBitsFromISR) refers to event_groups.o(i.vEventGroupClearBitsCallback) for vEventGroupClearBitsCallback
    event_groups.o(i.xEventGroupCreate) refers to heap_4.o(i.pvPortMalloc) for pvPortMalloc
    event_groups.o(i.xEventGroupCreate) refers to list.o(i.vListInitialise) for vListInitialise
    event_groups.o(i.xEventGroupCreateStatic) refers to list.o(i.vListInitialise) for vListInitialise
    event_groups.o(i.xEventGroupSetBits) refers to tasks.o(i.vTaskSuspendAll) for vTaskSuspendAll
    event_groups.o(i.xEventGroupSetBits) refers to tasks.o(i.vTaskRemoveFromUnorderedEventList) for vTaskRemoveFromUnorderedEventList
    event_groups.o(i.xEventGroupSetBits) refers to tasks.o(i.xTaskResumeAll) for xTaskResumeAll
    event_groups.o(i.xEventGroupSetBitsFromISR) refers to timers.o(i.xTimerPendFunctionCallFromISR) for xTimerPendFunctionCallFromISR
    event_groups.o(i.xEventGroupSetBitsFromISR) refers to event_groups.o(i.vEventGroupSetBitsCallback) for vEventGroupSetBitsCallback
    event_groups.o(i.xEventGroupSync) refers to tasks.o(i.xTaskGetSchedulerState) for xTaskGetSchedulerState
    event_groups.o(i.xEventGroupSync) refers to tasks.o(i.vTaskSuspendAll) for vTaskSuspendAll
    event_groups.o(i.xEventGroupSync) refers to event_groups.o(i.xEventGroupSetBits) for xEventGroupSetBits
    event_groups.o(i.xEventGroupSync) refers to tasks.o(i.vTaskPlaceOnUnorderedEventList) for vTaskPlaceOnUnorderedEventList
    event_groups.o(i.xEventGroupSync) refers to tasks.o(i.xTaskResumeAll) for xTaskResumeAll
    event_groups.o(i.xEventGroupSync) refers to tasks.o(i.uxTaskResetEventItemValue) for uxTaskResetEventItemValue
    event_groups.o(i.xEventGroupSync) refers to port.o(i.vPortEnterCritical) for vPortEnterCritical
    event_groups.o(i.xEventGroupSync) refers to port.o(i.vPortExitCritical) for vPortExitCritical
    event_groups.o(i.xEventGroupWaitBits) refers to tasks.o(i.xTaskGetSchedulerState) for xTaskGetSchedulerState
    event_groups.o(i.xEventGroupWaitBits) refers to tasks.o(i.vTaskSuspendAll) for vTaskSuspendAll
    event_groups.o(i.xEventGroupWaitBits) refers to event_groups.o(i.prvTestWaitCondition) for prvTestWaitCondition
    event_groups.o(i.xEventGroupWaitBits) refers to tasks.o(i.vTaskPlaceOnUnorderedEventList) for vTaskPlaceOnUnorderedEventList
    event_groups.o(i.xEventGroupWaitBits) refers to tasks.o(i.xTaskResumeAll) for xTaskResumeAll
    event_groups.o(i.xEventGroupWaitBits) refers to tasks.o(i.uxTaskResetEventItemValue) for uxTaskResetEventItemValue
    event_groups.o(i.xEventGroupWaitBits) refers to port.o(i.vPortEnterCritical) for vPortEnterCritical
    event_groups.o(i.xEventGroupWaitBits) refers to port.o(i.vPortExitCritical) for vPortExitCritical
    queue.o(i.pcQueueGetName) refers to queue.o(.bss) for .bss
    queue.o(i.prvCopyDataFromQueue) refers to memcpya.o(.text) for __aeabi_memcpy
    queue.o(i.prvCopyDataToQueue) refers to memcpya.o(.text) for __aeabi_memcpy
    queue.o(i.prvCopyDataToQueue) refers to tasks.o(i.xTaskPriorityDisinherit) for xTaskPriorityDisinherit
    queue.o(i.prvInitialiseMutex) refers to queue.o(i.xQueueGenericSend) for xQueueGenericSend
    queue.o(i.prvInitialiseNewQueue) refers to queue.o(i.xQueueGenericReset) for xQueueGenericReset
    queue.o(i.prvIsQueueEmpty) refers to port.o(i.vPortEnterCritical) for vPortEnterCritical
    queue.o(i.prvIsQueueEmpty) refers to port.o(i.vPortExitCritical) for vPortExitCritical
    queue.o(i.prvUnlockQueue) refers to port.o(i.vPortEnterCritical) for vPortEnterCritical
    queue.o(i.prvUnlockQueue) refers to tasks.o(i.xTaskRemoveFromEventList) for xTaskRemoveFromEventList
    queue.o(i.prvUnlockQueue) refers to tasks.o(i.vTaskMissedYield) for vTaskMissedYield
[...]
    HAL_RCC_GetHCLKFreq                      0x080032f5   Thumb Code    52  stm32h7xx_hal_rcc.o(i.HAL_RCC_GetHCLKFreq)
    HAL_RCC_GetPCLK2Freq                     0x08003339   Thumb Code    26  stm32h7xx_hal_rcc.o(i.HAL_RCC_GetPCLK2Freq)
    HAL_RCC_GetSysClockFreq                  0x0800335d   Thumb Code   278  stm32h7xx_hal_rcc.o(i.HAL_RCC_GetSysClockFreq)
    HAL_RCC_OscConfig                        0x08003495   Thumb Code  1318  stm32h7xx_hal_rcc.o(i.HAL_RCC_OscConfig)
    HAL_SPI_ErrorCallback                    0x080039bb   Thumb Code     2  stm32h7xx_hal_spi.o(i.HAL_SPI_ErrorCallback)
    HAL_SPI_IRQHandler                       0x080039bd   Thumb Code   536  stm32h7xx_hal_spi.o(i.HAL_SPI_IRQHandler)
    HAL_SPI_Init                             0x08003bd9   Thumb Code   366  stm32h7xx_hal_spi.o(i.HAL_SPI_Init)
    HAL_SPI_MspInit                          0x08003d55   Thumb Code   278  spi.o(i.HAL_SPI_MspInit)
    HAL_SPI_RxCpltCallback                   0x08003e85   Thumb Code     2  stm32h7xx_hal_spi.o(i.HAL_SPI_RxCpltCallback)
    HAL_SPI_SuspendCallback                  0x08003e87   Thumb Code     2  stm32h7xx_hal_spi.o(i.HAL_SPI_SuspendCallback)
    HAL_SPI_TransmitReceive                  0x08003e89   Thumb Code   614  stm32h7xx_hal_spi.o(i.HAL_SPI_TransmitReceive)
    HAL_SPI_TxCpltCallback                   0x080040ef   Thumb Code     2  stm32h7xx_hal_spi.o(i.HAL_SPI_TxCpltCallback)
    HAL_SPI_TxRxCpltCallback                 0x080040f1   Thumb Code     2  stm32h7xx_hal_spi.o(i.HAL_SPI_TxRxCpltCallback)
    HAL_TIMEx_Break2Callback                 0x080040f3   Thumb Code     2  stm32h7xx_hal_tim_ex.o(i.HAL_TIMEx_Break2Callback)
    HAL_TIMEx_BreakCallback                  0x080040f5   Thumb Code     2  stm32h7xx_hal_tim_ex.o(i.HAL_TIMEx_BreakCallback)
    HAL_TIMEx_CommutCallback                 0x080040f7   Thumb Code     2  stm32h7xx_hal_tim_ex.o(i.HAL_TIMEx_CommutCallback)
    HAL_TIMEx_MasterConfigSynchronization    0x080040f9   Thumb Code   146  stm32h7xx_hal_tim_ex.o(i.HAL_TIMEx_MasterConfigSynchronization)
    HAL_TIM_Base_Init                        0x080041b1   Thumb Code    98  stm32h7xx_hal_tim.o(i.HAL_TIM_Base_Init)
    HAL_TIM_Base_MspInit                     0x08004213   Thumb Code     2  stm32h7xx_hal_tim.o(i.HAL_TIM_Base_MspInit)
    HAL_TIM_Base_Start_IT                    0x08004215   Thumb Code   118  stm32h7xx_hal_tim.o(i.HAL_TIM_Base_Start_IT)
    HAL_TIM_IC_CaptureCallback               0x080042b5   Thumb Code     2  stm32h7xx_hal_tim.o(i.HAL_TIM_IC_CaptureCallback)
    HAL_TIM_IRQHandler                       0x080042b7   Thumb Code   386  stm32h7xx_hal_tim.o(i.HAL_TIM_IRQHandler)
    HAL_TIM_MspPostInit                      0x08004439   Thumb Code    66  tim.o(i.HAL_TIM_MspPostInit)
    HAL_TIM_OC_DelayElapsedCallback          0x08004489   Thumb Code     2  stm32h7xx_hal_tim.o(i.HAL_TIM_OC_DelayElapsedCallback)
    HAL_TIM_PWM_ConfigChannel                0x0800448b   Thumb Code   292  stm32h7xx_hal_tim.o(i.HAL_TIM_PWM_ConfigChannel)
    HAL_TIM_PWM_Init                         0x080045af   Thumb Code    98  stm32h7xx_hal_tim.o(i.HAL_TIM_PWM_Init)
    HAL_TIM_PWM_MspInit                      0x08004611   Thumb Code    30  tim.o(i.HAL_TIM_PWM_MspInit)
    HAL_TIM_PWM_PulseFinishedCallback        0x08004639   Thumb Code     2  stm32h7xx_hal_tim.o(i.HAL_TIM_PWM_PulseFinishedCallback)
    HAL_TIM_PWM_Start                        0x0800463d   Thumb Code   244  stm32h7xx_hal_tim.o(i.HAL_TIM_PWM_Start)
    HAL_TIM_PeriodElapsedCallback            0x08004761   Thumb Code    14  main.o(i.HAL_TIM_PeriodElapsedCallback)
    HAL_TIM_TriggerCallback                  0x08004775   Thumb Code     2  stm32h7xx_hal_tim.o(i.HAL_TIM_TriggerCallback)
    HardFault_Handler                        0x08004889   Thumb Code     2  stm32h7xx_it.o(i.HardFault_Handler)
    IMU_QuaternionEKF_Init                   0x08004a35   Thumb Code   210  quaternionekf.o(i.IMU_QuaternionEKF_Init)
    IMU_QuaternionEKF_Update                 0x08004c41   Thumb Code   966  quaternionekf.o(i.IMU_QuaternionEKF_Update)
    IMU_Temperature_Ctrl                     0x08005419   Thumb Code    60  imu_temp_ctrl.o(i.IMU_Temperature_Ctrl)
    IMU_task                                 0x08005461   Thumb Code    16  imu_temp_ctrl.o(i.IMU_task)
    INS_Init                                 0x08005471   Thumb Code    74  imu_temp_ctrl.o(i.INS_Init)
    INS_Task                                 0x080054e1   Thumb Code   378  imu_temp_ctrl.o(i.INS_Task)
    Kalman_Filter_Init                       0x080056a9   Thumb Code  1056  kalman_filter.o(i.Kalman_Filter_Init)
    Kalman_Filter_Measure                    0x08005acd   Thumb Code    66  kalman_filter.o(i.Kalman_Filter_Measure)
    Kalman_Filter_P_Update                   0x08005b15   Thumb Code   106  kalman_filter.o(i.Kalman_Filter_P_Update)
    Kalman_Filter_PminusUpdate               0x08005b7f   Thumb Code   108  kalman_filter.o(i.Kalman_Filter_PminusUpdate)
    Kalman_Filter_SetK                       0x08005beb   Thumb Code   202  kalman_filter.o(i.Kalman_Filter_SetK)
    Kalman_Filter_Update                     0x08005cb5   Thumb Code   228  kalman_filter.o(i.Kalman_Filter_Update)
    Kalman_Filter_xhatMinusUpdate            0x08005d9d   Thumb Code   116  kalman_filter.o(i.Kalman_Filter_xhatMinusUpdate)
    Kalman_Filter_xhatUpdate                 0x08005e11   Thumb Code   132  kalman_filter.o(i.Kalman_Filter_xhatUpdate)
    MX_DMA_Init                              0x08005e95   Thumb Code    56  dma.o(i.MX_DMA_Init)
    MX_FREERTOS_Init                         0x08005ed1   Thumb Code    46  freertos.o(i.MX_FREERTOS_Init)
    MX_GPIO_Init                             0x08005f11   Thumb Code   262  gpio.o(i.MX_GPIO_Init)
    MX_SPI2_Init                             0x08006029   Thumb Code    90  spi.o(i.MX_SPI2_Init)
    MX_TIM3_Init                             0x0800608d   Thumb Code   108  tim.o(i.MX_TIM3_Init)
    MX_USB_DEVICE_Init                       0x08006101   Thumb Code    66  usb_device.o(i.MX_USB_DEVICE_Init)
    MahonyAHRSinit                           0x08006155   Thumb Code   496  mahonyahrs.o(i.MahonyAHRSinit)
    MahonyAHRSupdateIMU                      0x0800634d   Thumb Code   464  mahonyahrs.o(i.MahonyAHRSupdateIMU)
    Mahony_Init                              0x08006525   Thumb Code    56  mahonyahrs.o(i.Mahony_Init)
    Mahony_computeAngles                     0x08006565   Thumb Code   182  mahonyahrs.o(i.Mahony_computeAngles)
    Mahony_invSqrt                           0x08006625   Thumb Code    56  mahonyahrs.o(i.Mahony_invSqrt)
    Mahony_update                            0x08006661   Thumb Code   808  mahonyahrs.o(i.Mahony_update)
    MemManage_Handler                        0x08006991   Thumb Code     2  stm32h7xx_it.o(i.MemManage_Handler)
    NMI_Handler                              0x08006993   Thumb Code     2  stm32h7xx_it.o(i.NMI_Handler)
    OTG_HS_IRQHandler                        0x08006995   Thumb Code     6  stm32h7xx_it.o(i.OTG_HS_IRQHandler)
    PID_calc                                 0x08006b11   Thumb Code   294  pid.o(i.PID_calc)
    PID_init                                 0x08006c3d   Thumb Code    88  pid.o(i.PID_init)
    SPI2_IRQHandler                          0x08006ed9   Thumb Code     6  stm32h7xx_it.o(i.SPI2_IRQHandler)
    StartDefaultTask                         0x0800700d   Thumb Code    16  freertos.o(i.StartDefaultTask)
    SysTick_Handler                          0x0800701d   Thumb Code    26  cmsis_os2.o(i.SysTick_Handler)
    SystemClock_Config                       0x08007039   Thumb Code   152  main.o(i.SystemClock_Config)
    SystemInit                               0x080070d5   Thumb Code   158  system_stm32h7xx.o(i.SystemInit)
    TIM1_UP_IRQHandler                       0x08007195   Thumb Code     6  stm32h7xx_it.o(i.TIM1_UP_IRQHandler)
    TIM_Base_SetConfig                       0x080071a1   Thumb Code   174  stm32h7xx_hal_tim.o(i.TIM_Base_SetConfig)
    TIM_CCxChannelCmd                        0x08007279   Thumb Code    26  stm32h7xx_hal_tim.o(i.TIM_CCxChannelCmd)
    TIM_OC2_SetConfig                        0x0800733d   Thumb Code   126  stm32h7xx_hal_tim.o(i.TIM_OC2_SetConfig)
    USBD_CDC_GetDeviceQualifierDescriptor    0x08007749   Thumb Code     8  usbd_cdc.o(i.USBD_CDC_GetDeviceQualifierDescriptor)
    USBD_CDC_ReceivePacket                   0x08007931   Thumb Code    50  usbd_cdc.o(i.USBD_CDC_ReceivePacket)
    USBD_CDC_RegisterInterface               0x08007969   Thumb Code    22  usbd_cdc.o(i.USBD_CDC_RegisterInterface)
    USBD_CDC_SetRxBuffer                     0x0800797f   Thumb Code    26  usbd_cdc.o(i.USBD_CDC_SetRxBuffer)
    USBD_CDC_SetTxBuffer                     0x08007999   Thumb Code    30  usbd_cdc.o(i.USBD_CDC_SetTxBuffer)
    USBD_CDC_TransmitPacket                  0x08007a85   Thumb Code    76  usbd_cdc.o(i.USBD_CDC_TransmitPacket)
    USBD_ClrClassConfig                      0x08007ad5   Thumb Code    20  usbd_core.o(i.USBD_ClrClassConfig)
    USBD_CoreFindEP                          0x08007ae9   Thumb Code     4  usbd_core.o(i.USBD_CoreFindEP)
    USBD_CoreFindIF                          0x08007aed   Thumb Code     4  usbd_core.o(i.USBD_CoreFindIF)
    USBD_CtlContinueRx                       0x08007af1   Thumb Code    16  usbd_ioreq.o(i.USBD_CtlContinueRx)
    USBD_CtlContinueSendData                 0x08007b01   Thumb Code    16  usbd_ioreq.o(i.USBD_CtlContinueSendData)
    USBD_CtlError                            0x08007b11   Thumb Code    22  usbd_ctlreq.o(i.USBD_CtlError)
    USBD_CtlPrepareRx                        0x08007b27   Thumb Code    30  usbd_ioreq.o(i.USBD_CtlPrepareRx)
    USBD_CtlReceiveStatus                    0x08007b45   Thumb Code    22  usbd_ioreq.o(i.USBD_CtlReceiveStatus)
    USBD_CtlSendData                         0x08007b5b   Thumb Code    26  usbd_ioreq.o(i.USBD_CtlSendData)
    USBD_CtlSendStatus                       0x08007b75   Thumb Code    22  usbd_ioreq.o(i.USBD_CtlSendStatus)
    USBD_GetEpDesc                           0x08007c85   Thumb Code    58  usbd_core.o(i.USBD_GetEpDesc)
    USBD_GetNextDesc                         0x08007cbf   Thumb Code    14  usbd_core.o(i.USBD_GetNextDesc)
    USBD_GetString                           0x08007ccd   Thumb Code    74  usbd_ctlreq.o(i.USBD_GetString)
    USBD_Get_USB_Status                      0x08007d17   Thumb Code    24  usbd_conf.o(i.USBD_Get_USB_Status)
    USBD_HS_ConfigStrDescriptor              0x08007d31   Thumb Code    16  usbd_desc.o(i.USBD_HS_ConfigStrDescriptor)
    USBD_HS_DeviceDescriptor                 0x08007d51   Thumb Code     8  usbd_desc.o(i.USBD_HS_DeviceDescriptor)
    USBD_HS_InterfaceStrDescriptor           0x08007d5d   Thumb Code    16  usbd_desc.o(i.USBD_HS_InterfaceStrDescriptor)
    USBD_HS_LangIDStrDescriptor              0x08007d81   Thumb Code     8  usbd_desc.o(i.USBD_HS_LangIDStrDescriptor)
    USBD_HS_ManufacturerStrDescriptor        0x08007d8d   Thumb Code    16  usbd_desc.o(i.USBD_HS_ManufacturerStrDescriptor)
    USBD_HS_ProductStrDescriptor             0x08007db5   Thumb Code    16  usbd_desc.o(i.USBD_HS_ProductStrDescriptor)
    USBD_HS_SerialStrDescriptor              0x08007de1   Thumb Code    50  usbd_desc.o(i.USBD_HS_SerialStrDescriptor)
    USBD_Init                                0x08007e1d   Thumb Code    38  usbd_core.o(i.USBD_Init)
    USBD_LL_ClearStallEP                     0x08007e43   Thumb Code    18  usbd_conf.o(i.USBD_LL_ClearStallEP)
    USBD_LL_CloseEP                          0x08007e55   Thumb Code    18  usbd_conf.o(i.USBD_LL_CloseEP)
    USBD_LL_DataInStage                      0x08007e67   Thumb Code   184  usbd_core.o(i.USBD_LL_DataInStage)
    USBD_LL_DataOutStage                     0x08007f1f   Thumb Code   144  usbd_core.o(i.USBD_LL_DataOutStage)
    USBD_LL_DevConnected                     0x08007faf   Thumb Code     4  usbd_core.o(i.USBD_LL_DevConnected)
    USBD_LL_DevDisconnected                  0x08007fb3   Thumb Code    32  usbd_core.o(i.USBD_LL_DevDisconnected)
    USBD_LL_GetRxDataSize                    0x08007fd3   Thumb Code     8  usbd_conf.o(i.USBD_LL_GetRxDataSize)
    USBD_LL_Init                             0x08007fdd   Thumb Code    96  usbd_conf.o(i.USBD_LL_Init)
    USBD_LL_IsStallEP                        0x08008045   Thumb Code    32  usbd_conf.o(i.USBD_LL_IsStallEP)
    USBD_LL_IsoINIncomplete                  0x08008065   Thumb Code    40  usbd_core.o(i.USBD_LL_IsoINIncomplete)
    USBD_LL_IsoOUTIncomplete                 0x0800808d   Thumb Code    40  usbd_core.o(i.USBD_LL_IsoOUTIncomplete)
    USBD_LL_OpenEP                           0x080080b5   Thumb Code    24  usbd_conf.o(i.USBD_LL_OpenEP)
    USBD_LL_PrepareReceive                   0x080080cd   Thumb Code    18  usbd_conf.o(i.USBD_LL_PrepareReceive)
    USBD_LL_Reset                            0x080080df   Thumb Code    94  usbd_core.o(i.USBD_LL_Reset)
    USBD_LL_Resume                           0x0800813d   Thumb Code    20  usbd_core.o(i.USBD_LL_Resume)
    USBD_LL_SOF                              0x08008151   Thumb Code    26  usbd_core.o(i.USBD_LL_SOF)
    USBD_LL_SetSpeed                         0x0800816b   Thumb Code     6  usbd_core.o(i.USBD_LL_SetSpeed)
    USBD_LL_SetUSBAddress                    0x08008171   Thumb Code    18  usbd_conf.o(i.USBD_LL_SetUSBAddress)
    USBD_LL_SetupStage                       0x08008183   Thumb Code    96  usbd_core.o(i.USBD_LL_SetupStage)
    USBD_LL_StallEP                          0x080081e3   Thumb Code    18  usbd_conf.o(i.USBD_LL_StallEP)
    USBD_LL_Start                            0x080081f5   Thumb Code    18  usbd_conf.o(i.USBD_LL_Start)
    USBD_LL_Suspend                          0x08008207   Thumb Code    26  usbd_core.o(i.USBD_LL_Suspend)
    USBD_LL_Transmit                         0x08008221   Thumb Code    18  usbd_conf.o(i.USBD_LL_Transmit)
    USBD_ParseSetupRequest                   0x08008233   Thumb Code    42  usbd_ctlreq.o(i.USBD_ParseSetupRequest)
    USBD_RegisterClass                       0x0800825d   Thumb Code    58  usbd_core.o(i.USBD_RegisterClass)
    USBD_SetClassConfig                      0x08008297   Thumb Code    20  usbd_core.o(i.USBD_SetClassConfig)
    USBD_Start                               0x08008369   Thumb Code     4  usbd_core.o(i.USBD_Start)
    USBD_StdDevReq                           0x0800836d   Thumb Code   302  usbd_ctlreq.o(i.USBD_StdDevReq)
    USBD_StdEPReq                            0x0800849b   Thumb Code   356  usbd_ctlreq.o(i.USBD_StdEPReq)
    USBD_StdItfReq                           0x080085ff   Thumb Code   116  usbd_ctlreq.o(i.USBD_StdItfReq)
    USBD_static_free                         0x08008673   Thumb Code     2  usbd_conf.o(i.USBD_static_free)
    USBD_static_malloc                       0x08008675   Thumb Code     4  usbd_conf.o(i.USBD_static_malloc)
    USB_ActivateEndpoint                     0x0800867d   Thumb Code   124  stm32h7xx_ll_usb.o(i.USB_ActivateEndpoint)
    USB_ActivateSetup                        0x080086fd   Thumb Code    28  stm32h7xx_ll_usb.o(i.USB_ActivateSetup)
    USB_CoreInit                             0x08008719   Thumb Code   128  stm32h7xx_ll_usb.o(i.USB_CoreInit)
    USB_DeactivateEndpoint                   0x080087e1   Thumb Code   194  stm32h7xx_ll_usb.o(i.USB_DeactivateEndpoint)
    USB_DevConnect                           0x080088ad   Thumb Code    28  stm32h7xx_ll_usb.o(i.USB_DevConnect)
    USB_DevDisconnect                        0x080088c9   Thumb Code    28  stm32h7xx_ll_usb.o(i.USB_DevDisconnect)
    USB_DevInit                              0x080088e5   Thumb Code   366  stm32h7xx_ll_usb.o(i.USB_DevInit)
    USB_DisableGlobalInt                     0x08008a5d   Thumb Code    12  stm32h7xx_ll_usb.o(i.USB_DisableGlobalInt)
    USB_EP0_OutStart                         0x08008a69   Thumb Code    84  stm32h7xx_ll_usb.o(i.USB_EP0_OutStart)
    USB_EPClearStall                         0x08008ac1   Thumb Code    88  stm32h7xx_ll_usb.o(i.USB_EPClearStall)
    USB_EPSetStall                           0x08008b19   Thumb Code    88  stm32h7xx_ll_usb.o(i.USB_EPSetStall)
    USB_EPStartXfer                          0x08008b71   Thumb Code   562  stm32h7xx_ll_usb.o(i.USB_EPStartXfer)
    USB_EPStopXfer                           0x08008da9   Thumb Code   158  stm32h7xx_ll_usb.o(i.USB_EPStopXfer)
    USB_EnableGlobalInt                      0x08008e47   Thumb Code    12  stm32h7xx_ll_usb.o(i.USB_EnableGlobalInt)
    USB_FlushRxFifo                          0x08008e55   Thumb Code    54  stm32h7xx_ll_usb.o(i.USB_FlushRxFifo)
    USB_FlushTxFifo                          0x08008e91   Thumb Code    58  stm32h7xx_ll_usb.o(i.USB_FlushTxFifo)
    USB_GetDevSpeed                          0x08008ed1   Thumb Code    26  stm32h7xx_ll_usb.o(i.USB_GetDevSpeed)
    USB_GetMode                              0x08008eeb   Thumb Code     8  stm32h7xx_ll_usb.o(i.USB_GetMode)
    USB_ReadDevAllInEpInterrupt              0x08008ef3   Thumb Code    14  stm32h7xx_ll_usb.o(i.USB_ReadDevAllInEpInterrupt)
    USB_ReadDevAllOutEpInterrupt             0x08008f01   Thumb Code    14  stm32h7xx_ll_usb.o(i.USB_ReadDevAllOutEpInterrupt)
    USB_ReadDevInEPInterrupt                 0x08008f0f   Thumb Code    36  stm32h7xx_ll_usb.o(i.USB_ReadDevInEPInterrupt)
    USB_ReadDevOutEPInterrupt                0x08008f33   Thumb Code    16  stm32h7xx_ll_usb.o(i.USB_ReadDevOutEPInterrupt)
    USB_ReadInterrupts                       0x08008f43   Thumb Code     8  stm32h7xx_ll_usb.o(i.USB_ReadInterrupts)
    USB_ReadPacket                           0x08008f4b   Thumb Code    64  stm32h7xx_ll_usb.o(i.USB_ReadPacket)
    USB_SetCurrentMode                       0x08008f8b   Thumb Code    94  stm32h7xx_ll_usb.o(i.USB_SetCurrentMode)
    USB_SetDevAddress                        0x08008fe9   Thumb Code    34  stm32h7xx_ll_usb.o(i.USB_SetDevAddress)
    USB_SetTurnaroundTime                    0x0800900d   Thumb Code   158  stm32h7xx_ll_usb.o(i.USB_SetTurnaroundTime)
    USB_WritePacket                          0x080090f5   Thumb Code    40  stm32h7xx_ll_usb.o(i.USB_WritePacket)
    UsageFault_Handler                       0x0800911d   Thumb Code     2  stm32h7xx_it.o(i.UsageFault_Handler)
    __ARM_fpclassifyf                        0x0800911f   Thumb Code    38  fpclassifyf.o(i.__ARM_fpclassifyf)
    __hardfp_asinf                           0x08009169   Thumb Code   258  asinf.o(i.__hardfp_asinf)
    __hardfp_atan2f                          0x08009295   Thumb Code   502  atan2f.o(i.__hardfp_atan2f)
    __hardfp_cosf                            0x080094e5   Thumb Code   280  cosf.o(i.__hardfp_cosf)
    __hardfp_sinf                            0x08009635   Thumb Code   344  sinf.o(i.__hardfp_sinf)
    __hardfp_sqrtf                           0x080097c5   Thumb Code    58  sqrtf.o(i.__hardfp_sqrtf)
    __mathlib_flt_infnan                     0x080097ff   Thumb Code     6  funder.o(i.__mathlib_flt_infnan)
    __mathlib_flt_infnan2                    0x08009805   Thumb Code     6  funder.o(i.__mathlib_flt_infnan2)
    __mathlib_flt_invalid                    0x0800980d   Thumb Code    10  funder.o(i.__mathlib_flt_invalid)
    __mathlib_flt_underflow                  0x0800981d   Thumb Code    10  funder.o(i.__mathlib_flt_underflow)
    __mathlib_rredf2                         0x0800982d   Thumb Code   316  rredf.o(i.__mathlib_rredf2)
    __scatterload_copy                       0x08009981   Thumb Code    14  handlers.o(i.__scatterload_copy)
    __scatterload_null                       0x0800998f   Thumb Code     2  handlers.o(i.__scatterload_null)
    __scatterload_zeroinit                   0x08009991   Thumb Code    14  handlers.o(i.__scatterload_zeroinit)
    __set_errno                              0x080099a1   Thumb Code     6  errno.o(i.__set_errno)
    arm_atan2_f32                            0x080099ad   Thumb Code   512  fastmathfunctions.o(i.arm_atan2_f32)
    arm_cos_f32                              0x08009bc9   Thumb Code   118  fastmathfunctions.o(i.arm_cos_f32)
    arm_mat_add_f32                          0x08009c4d   Thumb Code    74  matrixfunctions.o(i.arm_mat_add_f32)
    arm_mat_init_f32                         0x08009c97   Thumb Code     8  matrixfunctions.o(i.arm_mat_init_f32)
    arm_mat_inverse_f32                      0x08009ca1   Thumb Code   532  matrixfunctions.o(i.arm_mat_inverse_f32)
    arm_mat_mult_f32                         0x08009eb9   Thumb Code   134  matrixfunctions.o(i.arm_mat_mult_f32)
    arm_mat_sub_f32                          0x08009f45   Thumb Code    74  matrixfunctions.o(i.arm_mat_sub_f32)
    arm_mat_trans_f32                        0x08009f8f   Thumb Code    68  matrixfunctions.o(i.arm_mat_trans_f32)
    bmi088_accel_init                        0x08009fd5   Thumb Code   266  bmi088driver.o(i.bmi088_accel_init)
    bmi088_gyro_init                         0x0800a0e5   Thumb Code   218  bmi088driver.o(i.bmi088_gyro_init)
    main                                     0x0800a1e1   Thumb Code   252  main.o(i.main)
    osDelay                                  0x0800a2e5   Thumb Code    28  cmsis_os2.o(i.osDelay)
    osKernelInitialize                       0x0800a301   Thumb Code    32  cmsis_os2.o(i.osKernelInitialize)
    osKernelStart                            0x0800a325   Thumb Code    48  cmsis_os2.o(i.osKernelStart)
    osSemaphoreNew                           0x0800a35d   Thumb Code   152  cmsis_os2.o(i.osSemaphoreNew)
    osThreadNew                              0x0800a3f5   Thumb Code   144  cmsis_os2.o(i.osThreadNew)
    pvPortMalloc                             0x0800ac1d   Thumb Code   216  heap_4.o(i.pvPortMalloc)
    pxPortInitialiseStack                    0x0800acf9   Thumb Code    42  port.o(i.pxPortInitialiseStack)
    sqrtf                                    0x0800ad29   Thumb Code    62  sqrtf.o(i.sqrtf)
    user_malloc                              0x0800ad67   Thumb Code     4  kalman_filter.o(i.user_malloc)
    uxListRemove                             0x0800ad6b   Thumb Code    38  list.o(i.uxListRemove)
    vApplicationGetIdleTaskMemory            0x0800ad91   Thumb Code    18  cmsis_os2.o(i.vApplicationGetIdleTaskMemory)
    vApplicationGetTimerTaskMemory           0x0800ada9   Thumb Code    20  cmsis_os2.o(i.vApplicationGetTimerTaskMemory)
    vListInitialise                          0x0800adc1   Thumb Code    22  list.o(i.vListInitialise)
    vListInitialiseItem                      0x0800add7   Thumb Code     6  list.o(i.vListInitialiseItem)
    vListInsert                              0x0800addd   Thumb Code    48  list.o(i.vListInsert)
    vListInsertEnd                           0x0800ae0d   Thumb Code    24  list.o(i.vListInsertEnd)
    vPortEnterCritical                       0x0800ae25   Thumb Code    54  port.o(i.vPortEnterCritical)
    vPortExitCritical                        0x0800ae65   Thumb Code    34  port.o(i.vPortExitCritical)
    vPortFree                                0x0800ae8d   Thumb Code    94  heap_4.o(i.vPortFree)
    vPortSetupTimerInterrupt                 0x0800aef1   Thumb Code    32  port.o(i.vPortSetupTimerInterrupt)
    vPortValidateInterruptPriority           0x0800af15   Thumb Code    74  port.o(i.vPortValidateInterruptPriority)
    vQueueAddToRegistry                      0x0800af69   Thumb Code    34  queue.o(i.vQueueAddToRegistry)
    vQueueDelete                             0x0800af91   Thumb Code    46  queue.o(i.vQueueDelete)
    vQueueUnregisterQueue                    0x0800afc1   Thumb Code    36  queue.o(i.vQueueUnregisterQueue)
    vQueueWaitForMessageRestricted           0x0800afe9   Thumb Code    68  queue.o(i.vQueueWaitForMessageRestricted)
    vTaskDelay                               0x0800b02d   Thumb Code    66  tasks.o(i.vTaskDelay)
    vTaskInternalSetTimeOutState             0x0800b079   Thumb Code    12  tasks.o(i.vTaskInternalSetTimeOutState)
    vTaskMissedYield                         0x0800b089   Thumb Code     8  tasks.o(i.vTaskMissedYield)
    vTaskPlaceOnEventList                    0x0800b095   Thumb Code    44  tasks.o(i.vTaskPlaceOnEventList)
    vTaskPlaceOnEventListRestricted          0x0800b0c5   Thumb Code    52  tasks.o(i.vTaskPlaceOnEventListRestricted)
    vTaskStartScheduler                      0x0800b0fd   Thumb Code   118  tasks.o(i.vTaskStartScheduler)
    vTaskSuspendAll                          0x0800b185   Thumb Code    10  tasks.o(i.vTaskSuspendAll)
    vTaskSwitchContext                       0x0800b195   Thumb Code    90  tasks.o(i.vTaskSwitchContext)
    vofa_demo                                0x0800b1f9   Thumb Code    94  algorithm.o(i.vofa_demo)
    vofa_send_data                           0x0800b275   Thumb Code    44  algorithm.o(i.vofa_send_data)
    vofa_sendframetail                       0x0800b2a9   Thumb Code    50  algorithm.o(i.vofa_sendframetail)
    vofa_start                               0x0800b2e5   Thumb Code     4  algorithm.o(i.vofa_start)
    vofa_transmit                            0x0800b2e9   Thumb Code     4  algorithm.o(i.vofa_transmit)
    xPortStartScheduler                      0x0800b2ed   Thumb Code   222  port.o(i.xPortStartScheduler)
    xPortSysTickHandler                      0x0800b3e1   Thumb Code    38  port.o(i.xPortSysTickHandler)
    xQueueCreateCountingSemaphore            0x0800b40d   Thumb Code    58  queue.o(i.xQueueCreateCountingSemaphore)
    xQueueCreateCountingSemaphoreStatic      0x0800b447   Thumb Code    64  queue.o(i.xQueueCreateCountingSemaphoreStatic)
    xQueueGenericCreate                      0x0800b487   Thumb Code    66  queue.o(i.xQueueGenericCreate)
    xQueueGenericCreateStatic                0x0800b4c9   Thumb Code   102  queue.o(i.xQueueGenericCreateStatic)
    xQueueGenericReset                       0x0800b531   Thumb Code   144  queue.o(i.xQueueGenericReset)
    xQueueGenericSend                        0x0800b5c5   Thumb Code   346  queue.o(i.xQueueGenericSend)
    xQueueGenericSendFromISR                 0x0800b725   Thumb Code   190  queue.o(i.xQueueGenericSendFromISR)
    xQueueReceive                            0x0800b7e5   Thumb Code   310  queue.o(i.xQueueReceive)
    xTaskCheckForTimeOut                     0x0800b921   Thumb Code   116  tasks.o(i.xTaskCheckForTimeOut)
    xTaskCreate                              0x0800b999   Thumb Code    90  tasks.o(i.xTaskCreate)
    xTaskCreateStatic                        0x0800b9f3   Thumb Code    86  tasks.o(i.xTaskCreateStatic)
    xTaskGetSchedulerState                   0x0800ba49   Thumb Code    22  tasks.o(i.xTaskGetSchedulerState)
    xTaskGetTickCount                        0x0800ba65   Thumb Code     6  tasks.o(i.xTaskGetTickCount)
    xTaskIncrementTick                       0x0800ba71   Thumb Code   192  tasks.o(i.xTaskIncrementTick)
    xTaskPriorityDisinherit                  0x0800bb39   Thumb Code   116  tasks.o(i.xTaskPriorityDisinherit)
    xTaskRemoveFromEventList                 0x0800bbb5   Thumb Code   100  tasks.o(i.xTaskRemoveFromEventList)
    xTaskResumeAll                           0x0800bc25   Thumb Code   184  tasks.o(i.xTaskResumeAll)
    xTimerCreateTimerTask                    0x0800bce9   Thumb Code    78  timers.o(i.xTimerCreateTimerTask)
    xTimerGenericCommand                     0x0800bd49   Thumb Code    98  timers.o(i.xTimerGenericCommand)
    D1CorePrescTable                         0x0800bdb8   Data          16  system_stm32h7xx.o(.constdata)
    IMU_QuaternionEKF_F                      0x0800bdc8   Data         144  quaternionekf.o(.constdata)
    IMU_QuaternionEKF_P_Const                0x0800be58   Data         144  quaternionekf.o(.constdata)
    defaultTask_attributes                   0x0800bee8   Data          36  freertos.o(.constdata)
    INSTask_rtos_attributes                  0x0800bf0c   Data          36  freertos.o(.constdata)
    imuBinarySem01_attributes                0x0800bf30   Data          16  freertos.o(.constdata)
    sinTable_f32                             0x0800bf40   Data        2052  commontables.o(.constdata)
    Region$$Table$$Base                      0x0800c800   Number         0  anon$$obj.o(Region$$Table)
    Region$$Table$$Limit                     0x0800c820   Number         0  anon$$obj.o(Region$$Table)
    pxCurrentTCB                             0x20000000   Data           4  tasks.o(.data)
    uwTickFreq                               0x20000080   Data           1  stm32h7xx_hal.o(.data)
    uwTickPrio                               0x20000084   Data           4  stm32h7xx_hal.o(.data)
    uwTick                                   0x20000088   Data           4  stm32h7xx_hal.o(.data)
    SystemCoreClock                          0x2000008c   Data           4  system_stm32h7xx.o(.data)
    SystemD2Clock                            0x20000090   Data           4  system_stm32h7xx.o(.data)
    BMI088_ACCEL_SEN                         0x20000094   Data           4  bmi088driver.o(.data)
    BMI088_GYRO_SEN                          0x20000098   Data           4  bmi088driver.o(.data)
    sizeof_float                             0x200000c0   Data           2  kalman_filter.o(.data)
    sizeof_double                            0x200000c2   Data           2  kalman_filter.o(.data)
    IMU_QuaternionEKF_P                      0x200000c4   Data         144  quaternionekf.o(.data)
    cnt                                      0x20000154   Data           2  algorithm.o(.data)
    SysTime                                  0x20000188   Data           8  bsp_dwt.o(.data)
    CYCCNT64                                 0x20000190   Data           8  bsp_dwt.o(.data)
    anglesComputed                           0x20000198   Data           1  mahonyahrs.o(.data)
    twoKi                                    0x2000019c   Data           4  mahonyahrs.o(.data)
    q0                                       0x200001a0   Data           4  mahonyahrs.o(.data)
    q1                                       0x200001a4   Data           4  mahonyahrs.o(.data)
    q2                                       0x200001a8   Data           4  mahonyahrs.o(.data)
    q3                                       0x200001ac   Data           4  mahonyahrs.o(.data)
    integralFBx                              0x200001b0   Data           4  mahonyahrs.o(.data)
    integralFBy                              0x200001b4   Data           4  mahonyahrs.o(.data)
    integralFBz                              0x200001b8   Data           4  mahonyahrs.o(.data)
    invSampleFreq                            0x200001bc   Data           4  mahonyahrs.o(.data)
    roll_mahony                              0x200001c0   Data           4  mahonyahrs.o(.data)
    pitch_mahony                             0x200001c4   Data           4  mahonyahrs.o(.data)
    yaw_mahony                               0x200001c8   Data           4  mahonyahrs.o(.data)
    defaultTaskHandle                        0x200001cc   Data           4  freertos.o(.data)
    INSTask_rtosHandle                       0x200001d0   Data           4  freertos.o(.data)
    imuBinarySem01Handle                     0x200001d4   Data           4  freertos.o(.data)
    attitude_flag                            0x200001d8   Data           1  imu_temp_ctrl.o(.data)
    RefTemp                                  0x200001dc   Data           4  imu_temp_ctrl.o(.data)
    yaw                                      0x200001e0   Data           4  imu_temp_ctrl.o(.data)
    correct_times                            0x200001e4   Data           4  imu_temp_ctrl.o(.data)
    temp_temperature                         0x200001e8   Data           4  imu_temp_ctrl.o(.data)
    temp                                     0x200001f4   Data           4  imu_temp_ctrl.o(.data)
    roll                                     0x200001f8   Data           4  imu_temp_ctrl.o(.data)
    pitch                                    0x200001fc   Data           4  imu_temp_ctrl.o(.data)
    Temperature_PID_Para                     0x20000200   Data          12  imu_temp_ctrl.o(.data)
    HS_Desc                                  0x2000020c   Data          32  usbd_desc.o(.data)
    USBD_LangIDDesc                          0x2000022c   Data           4  usbd_desc.o(.data)
    USBD_HS_DeviceDesc                       0x20000230   Data          18  usbd_desc.o(.data)
    USBD_HS_BOSDesc                          0x20000244   Data          12  usbd_desc.o(.data)
    USBD_StringSerial                        0x20000250   Data          26  usbd_desc.o(.data)
    USBD_Interface_fops_HS                   0x2000026c   Data          20  usbd_cdc_if.o(.data)
    USBD_CDC                                 0x200002d8   Data          56  usbd_cdc.o(.data)
    xQueueRegistry                           0x20000314   Data          64  queue.o(.bss)
    QEKF_INS                                 0x20004be8   Data         480  quaternionekf.o(.bss)
    IMU_QuaternionEKF_K                      0x20004dc8   Data          72  quaternionekf.o(.bss)
    IMU_QuaternionEKF_H                      0x20004e10   Data          72  quaternionekf.o(.bss)
    send_buf                                 0x20004e58   Data        1024  algorithm.o(.bss)
    defaultTaskBuffer                        0x20005258   Data         512  freertos.o(.bss)
    defaultTaskControlBlock                  0x20005458   Data          92  freertos.o(.bss)
    INSTasklBuffer                           0x200054b4   Data       16384  freertos.o(.bss)
    INSTaskBlock                             0x200094b4   Data          92  freertos.o(.bss)
    imuBinarySemControlBlock                 0x20009510   Data          80  freertos.o(.bss)
    hspi2                                    0x20009560   Data         136  spi.o(.bss)
    hdma_spi2_rx                             0x200095e8   Data         120  spi.o(.bss)
    hdma_spi2_tx                             0x20009660   Data         120  spi.o(.bss)
    htim3                                    0x200096d8   Data          76  tim.o(.bss)
    htim1                                    0x20009724   Data          76  stm32h7xx_hal_timebase_tim.o(.bss)
    Temperature_PID                          0x20009770   Data          72  imu_temp_ctrl.o(.bss)
    gyro_correct                             0x200097b8   Data          12  imu_temp_ctrl.o(.bss)
    gyro                                     0x200097c4   Data          12  imu_temp_ctrl.o(.bss)
    accel                                    0x200097d0   Data          12  imu_temp_ctrl.o(.bss)
    hUsbDeviceHS                             0x200097dc   Data         732  usb_device.o(.bss)
    USBD_StrDesc                             0x20009ab8   Data         512  usbd_desc.o(.bss)
    UserRxBufferHS                           0x20009cb8   Data        2048  usbd_cdc_if.o(.bss)
    UserTxBufferHS                           0x2000a4b8   Data        2048  usbd_cdc_if.o(.bss)
    hpcd_USB_OTG_HS                          0x2000aed8   Data        1292  usbd_conf.o(.bss)
    __initial_sp                             0x2000d3e8   Data           0  startup_stm32h723xx.o(STACK)



==============================================================================

Memory Map of the image

  Image Entry point : 0x080002cd

  Load Region LR_IROM1 (Base: 0x08000000, Size: 0x0000cb34, Max: 0x00100000, ABSOLUTE, COMPRESSED[0x0000c93c])

    Execution Region ER_IROM1 (Exec base: 0x08000000, Load base: 0x08000000, Size: 0x0000c820, Max: 0x00100000, ABSOLUTE)

    Exec Addr    Load Addr    Size         Type   Attr      Idx    E Section Name        Object

    0x08000000   0x08000000   0x000002cc   Data   RO         7660    RESET               startup_stm32h723xx.o
    0x080002cc   0x080002cc   0x00000000   Code   RO        14245  * .ARM.Collect$$$$00000000  mc_w.l(entry.o)
    0x080002cc   0x080002cc   0x00000004   Code   RO        14350    .ARM.Collect$$$$00000001  mc_w.l(entry2.o)
    0x080002d0   0x080002d0   0x00000004   Code   RO        14353    .ARM.Collect$$$$00000004  mc_w.l(entry5.o)
    0x080002d4   0x080002d4   0x00000000   Code   RO        14355    .ARM.Collect$$$$00000008  mc_w.l(entry7b.o)
    0x080002d4   0x080002d4   0x00000000   Code   RO        14357    .ARM.Collect$$$$0000000A  mc_w.l(entry8b.o)
    0x080002d4   0x080002d4   0x00000008   Code   RO        14358    .ARM.Collect$$$$0000000B  mc_w.l(entry9a.o)
    0x080002dc   0x080002dc   0x00000000   Code   RO        14360    .ARM.Collect$$$$0000000D  mc_w.l(entry10a.o)
    0x080002dc   0x080002dc   0x00000000   Code   RO        14362    .ARM.Collect$$$$0000000F  mc_w.l(entry11a.o)
    0x080002dc   0x080002dc   0x00000004   Code   RO        14351    .ARM.Collect$$$$00002712  mc_w.l(entry2.o)
    0x080002e0   0x080002e0   0x000000be   Code   RO         1825    .emb_text           port.o
    0x0800039e   0x0800039e   0x00000002   PAD
    0x080003a0   0x080003a0   0x00000024   Code   RO         7661    .text               startup_stm32h723xx.o
    0x080003c4   0x080003c4   0x00000024   Code   RO        14256    .text               mc_w.l(memcpya.o)
    0x080003e8   0x080003e8   0x00000024   Code   RO        14260    .text               mc_w.l(memseta.o)
    0x0800040c   0x0800040c   0x00000000   Code   RO        14375    .text               mc_w.l(iusefp.o)
    0x0800040c   0x0800040c   0x00000024   Code   RO        14388    .text               mc_w.l(init.o)
    0x08000430   0x08000430   0x00000056   Code   RO        14398    .text               mc_w.l(__dczerorl2.o)
    0x08000486   0x08000486   0x00000002   PAD
    0x08000488   0x08000488   0x00000010   Code   RO         6384    i.BMI088_ACCEL_NS_H  bmi088middleware.o
    0x08000498   0x08000498   0x00000010   Code   RO         6385    i.BMI088_ACCEL_NS_L  bmi088middleware.o
    0x080004a8   0x080004a8   0x00000002   Code   RO         6386    i.BMI088_GPIO_init  bmi088middleware.o
    0x080004aa   0x080004aa   0x00000002   PAD
    0x080004ac   0x080004ac   0x00000010   Code   RO         6387    i.BMI088_GYRO_NS_H  bmi088middleware.o
    0x080004bc   0x080004bc   0x00000010   Code   RO         6388    i.BMI088_GYRO_NS_L  bmi088middleware.o
    0x080004cc   0x080004cc   0x00000002   Code   RO         6389    i.BMI088_com_init   bmi088middleware.o
    0x080004ce   0x080004ce   0x00000018   Code   RO         6390    i.BMI088_delay_ms   bmi088middleware.o
    0x080004e6   0x080004e6   0x00000030   Code   RO         6391    i.BMI088_delay_us   bmi088middleware.o
    0x08000516   0x08000516   0x00000018   Code   RO         6312    i.BMI088_init       bmi088driver.o
    0x0800052e   0x0800052e   0x00000002   PAD
    0x08000530   0x08000530   0x00000158   Code   RO         6313    i.BMI088_read       bmi088driver.o
    0x08000688   0x08000688   0x00000024   Code   RO         6314    i.BMI088_read_muli_reg  bmi088driver.o
    0x080006ac   0x080006ac   0x00000016   Code   RO         6315    i.BMI088_read_single_reg  bmi088driver.o
    0x080006c2   0x080006c2   0x00000002   PAD
    0x080006c4   0x080006c4   0x00000020   Code   RO         6392    i.BMI088_read_write_byte  bmi088middleware.o
    0x080006e4   0x080006e4   0x00000012   Code   RO         6316    i.BMI088_write_single_reg  bmi088driver.o
    0x080006f6   0x080006f6   0x00000002   Code   RO         7504    i.BusFault_Handler  stm32h7xx_it.o
    0x080006f8   0x080006f8   0x00000004   Code   RO         7857    i.CDC_Control_HS    usbd_cdc_if.o
    0x080006fc   0x080006fc   0x00000004   Code   RO         7858    i.CDC_DeInit_HS     usbd_cdc_if.o
    0x08000700   0x08000700   0x00000024   Code   RO         7859    i.CDC_Init_HS       usbd_cdc_if.o
    0x08000724   0x08000724   0x00000018   Code   RO         7860    i.CDC_Receive_HS    usbd_cdc_if.o
    0x0800073c   0x0800073c   0x00000004   Code   RO         7861    i.CDC_TransmitCplt_HS  usbd_cdc_if.o
    0x08000740   0x08000740   0x0000002c   Code   RO         7862    i.CDC_Transmit_HS   usbd_cdc_if.o
    0x0800076c   0x0800076c   0x0000000c   Code   RO         7505    i.DMA1_Stream0_IRQHandler  stm32h7xx_it.o
    0x08000778   0x08000778   0x0000000c   Code   RO         7506    i.DMA1_Stream1_IRQHandler  stm32h7xx_it.o
    0x08000784   0x08000784   0x000000b4   Code   RO         3145    i.DMA_CalcBaseAndBitshift  stm32h7xx_hal_dma.o
    0x08000838   0x08000838   0x0000009c   Code   RO         3146    i.DMA_CalcDMAMUXChannelBaseAndMask  stm32h7xx_hal_dma.o
    0x080008d4   0x080008d4   0x00000074   Code   RO         3147    i.DMA_CalcDMAMUXRequestGenBaseAndMask  stm32h7xx_hal_dma.o
    0x08000948   0x08000948   0x00000054   Code   RO         3148    i.DMA_CheckFifoParam  stm32h7xx_hal_dma.o
    0x0800099c   0x0800099c   0x00000048   Code   RO         6798    i.DWT_Init          bsp_dwt.o
    0x080009e4   0x080009e4   0x00000002   Code   RO         7507    i.DebugMon_Handler  stm32h7xx_it.o
    0x080009e6   0x080009e6   0x00000016   Code   RO         7508    i.EXTI15_10_IRQHandler  stm32h7xx_it.o
    0x080009fc   0x080009fc   0x00000004   Code   RO         7244    i.Error_Handler     main.o
    0x08000a00   0x08000a00   0x0000000c   Code   RO         6576    i.Get_Pitch         quaternionekf.o
    0x08000a0c   0x08000a0c   0x0000000c   Code   RO         6577    i.Get_Roll          quaternionekf.o
    0x08000a18   0x08000a18   0x0000000c   Code   RO         6578    i.Get_Yaw           quaternionekf.o
    0x08000a24   0x08000a24   0x00000284   Code   RO         3151    i.HAL_DMA_Abort_IT  stm32h7xx_hal_dma.o
    0x08000ca8   0x08000ca8   0x000006e8   Code   RO         3155    i.HAL_DMA_IRQHandler  stm32h7xx_hal_dma.o
    0x08001390   0x08001390   0x000003bc   Code   RO         3156    i.HAL_DMA_Init      stm32h7xx_hal_dma.o
    0x0800174c   0x0800174c   0x00000024   Code   RO         3988    i.HAL_Delay         stm32h7xx_hal.o
    0x08001770   0x08001770   0x00000002   Code   RO         7668    i.HAL_GPIO_EXTI_Callback  imu_temp_ctrl.o
    0x08001772   0x08001772   0x00000018   Code   RO         2997    i.HAL_GPIO_EXTI_IRQHandler  stm32h7xx_hal_gpio.o
    0x0800178a   0x0800178a   0x00000002   PAD
    0x0800178c   0x0800178c   0x0000021c   Code   RO         2998    i.HAL_GPIO_Init     stm32h7xx_hal_gpio.o
    0x080019a8   0x080019a8   0x0000000a   Code   RO         3002    i.HAL_GPIO_WritePin  stm32h7xx_hal_gpio.o
    0x080019b2   0x080019b2   0x00000002   PAD
    0x080019b4   0x080019b4   0x0000000c   Code   RO         4004    i.HAL_GetTick       stm32h7xx_hal.o
    0x080019c0   0x080019c0   0x00000010   Code   RO         4010    i.HAL_IncTick       stm32h7xx_hal.o
    0x080019d0   0x080019d0   0x0000005c   Code   RO         4011    i.HAL_Init          stm32h7xx_hal.o
    0x08001a2c   0x08001a2c   0x00000084   Code   RO         7622    i.HAL_InitTick      stm32h7xx_hal_timebase_tim.o
    0x08001ab0   0x08001ab0   0x0000005c   Code   RO         3841    i.HAL_MPU_ConfigRegion  stm32h7xx_hal_cortex.o
    0x08001b0c   0x08001b0c   0x0000001c   Code   RO         3842    i.HAL_MPU_Disable   stm32h7xx_hal_cortex.o
    0x08001b28   0x08001b28   0x00000024   Code   RO         3843    i.HAL_MPU_Enable    stm32h7xx_hal_cortex.o
    0x08001b4c   0x08001b4c   0x00000024   Code   RO         7598    i.HAL_MspInit       stm32h7xx_hal_msp.o
    0x08001b70   0x08001b70   0x0000001a   Code   RO         3846    i.HAL_NVIC_EnableIRQ  stm32h7xx_hal_cortex.o
    0x08001b8a   0x08001b8a   0x00000002   PAD
    0x08001b8c   0x08001b8c   0x00000040   Code   RO         3852    i.HAL_NVIC_SetPriority  stm32h7xx_hal_cortex.o
    0x08001bcc   0x08001bcc   0x00000024   Code   RO         3853    i.HAL_NVIC_SetPriorityGrouping  stm32h7xx_hal_cortex.o
    0x08001bf0   0x08001bf0   0x00000028   Code   RO         2149    i.HAL_PCDEx_ActivateLPM  stm32h7xx_hal_pcd_ex.o
    0x08001c18   0x08001c18   0x00000002   Code   RO         2154    i.HAL_PCDEx_LPM_Callback  stm32h7xx_hal_pcd_ex.o
    0x08001c1a   0x08001c1a   0x00000008   Code   RO         2155    i.HAL_PCDEx_SetRxFiFo  stm32h7xx_hal_pcd_ex.o
    0x08001c22   0x08001c22   0x00000046   Code   RO         2156    i.HAL_PCDEx_SetTxFiFo  stm32h7xx_hal_pcd_ex.o
    0x08001c68   0x08001c68   0x00000008   Code   RO         7914    i.HAL_PCD_ConnectCallback  usbd_conf.o
    0x08001c70   0x08001c70   0x00000012   Code   RO         7915    i.HAL_PCD_DataInStageCallback  usbd_conf.o
    0x08001c82   0x08001c82   0x00000014   Code   RO         7916    i.HAL_PCD_DataOutStageCallback  usbd_conf.o
    0x08001c96   0x08001c96   0x00000008   Code   RO         7917    i.HAL_PCD_DisconnectCallback  usbd_conf.o
    0x08001c9e   0x08001c9e   0x0000001e   Code   RO         1914    i.HAL_PCD_EP_Abort  stm32h7xx_hal_pcd.o
    0x08001cbc   0x08001cbc   0x0000004c   Code   RO         1915    i.HAL_PCD_EP_Close  stm32h7xx_hal_pcd.o
    0x08001d08   0x08001d08   0x0000005c   Code   RO         1916    i.HAL_PCD_EP_ClrStall  stm32h7xx_hal_pcd.o
    0x08001d64   0x08001d64   0x00000012   Code   RO         1918    i.HAL_PCD_EP_GetRxCount  stm32h7xx_hal_pcd.o
    0x08001d76   0x08001d76   0x00000060   Code   RO         1919    i.HAL_PCD_EP_Open   stm32h7xx_hal_pcd.o
    0x08001dd6   0x08001dd6   0x00000034   Code   RO         1920    i.HAL_PCD_EP_Receive  stm32h7xx_hal_pcd.o
    0x08001e0a   0x08001e0a   0x00000074   Code   RO         1921    i.HAL_PCD_EP_SetStall  stm32h7xx_hal_pcd.o
    0x08001e7e   0x08001e7e   0x00000034   Code   RO         1922    i.HAL_PCD_EP_Transmit  stm32h7xx_hal_pcd.o
    0x08001eb2   0x08001eb2   0x00000002   PAD
    0x08001eb4   0x08001eb4   0x0000059c   Code   RO         1924    i.HAL_PCD_IRQHandler  stm32h7xx_hal_pcd.o
    0x08002450   0x08002450   0x00000008   Code   RO         7918    i.HAL_PCD_ISOINIncompleteCallback  usbd_conf.o
    0x08002458   0x08002458   0x00000008   Code   RO         7919    i.HAL_PCD_ISOOUTIncompleteCallback  usbd_conf.o
    0x08002460   0x08002460   0x000000f2   Code   RO         1927    i.HAL_PCD_Init      stm32h7xx_hal_pcd.o
    0x08002552   0x08002552   0x00000002   PAD
    0x08002554   0x08002554   0x00000064   Code   RO         7921    i.HAL_PCD_MspInit   usbd_conf.o
    0x080025b8   0x080025b8   0x0000002c   Code   RO         7922    i.HAL_PCD_ResetCallback  usbd_conf.o
    0x080025e4   0x080025e4   0x00000008   Code   RO         7923    i.HAL_PCD_ResumeCallback  usbd_conf.o
    0x080025ec   0x080025ec   0x00000008   Code   RO         7924    i.HAL_PCD_SOFCallback  usbd_conf.o
    0x080025f4   0x080025f4   0x00000028   Code   RO         1933    i.HAL_PCD_SetAddress  stm32h7xx_hal_pcd.o
    0x0800261c   0x0800261c   0x0000000e   Code   RO         7925    i.HAL_PCD_SetupStageCallback  usbd_conf.o
    0x0800262a   0x0800262a   0x00000042   Code   RO         1936    i.HAL_PCD_Start     stm32h7xx_hal_pcd.o
    0x0800266c   0x0800266c   0x00000030   Code   RO         7926    i.HAL_PCD_SuspendCallback  usbd_conf.o
    0x0800269c   0x0800269c   0x00000054   Code   RO         3599    i.HAL_PWREx_ConfigSupply  stm32h7xx_hal_pwr_ex.o
    0x080026f0   0x080026f0   0x00000010   Code   RO         3616    i.HAL_PWREx_EnableUSBVoltageDetector  stm32h7xx_hal_pwr_ex.o
    0x08002700   0x08002700   0x0000093a   Code   RO         2650    i.HAL_RCCEx_PeriphCLKConfig  stm32h7xx_hal_rcc_ex.o
    0x0800303a   0x0800303a   0x00000002   PAD
    0x0800303c   0x0800303c   0x0000025c   Code   RO         2526    i.HAL_RCC_ClockConfig  stm32h7xx_hal_rcc.o
    0x08003298   0x08003298   0x0000005c   Code   RO         2530    i.HAL_RCC_GetClockConfig  stm32h7xx_hal_rcc.o
    0x080032f4   0x080032f4   0x00000044   Code   RO         2531    i.HAL_RCC_GetHCLKFreq  stm32h7xx_hal_rcc.o
    0x08003338   0x08003338   0x00000024   Code   RO         2534    i.HAL_RCC_GetPCLK2Freq  stm32h7xx_hal_rcc.o
    0x0800335c   0x0800335c   0x00000138   Code   RO         2535    i.HAL_RCC_GetSysClockFreq  stm32h7xx_hal_rcc.o
    0x08003494   0x08003494   0x00000526   Code   RO         2538    i.HAL_RCC_OscConfig  stm32h7xx_hal_rcc.o
    0x080039ba   0x080039ba   0x00000002   Code   RO         4934    i.HAL_SPI_ErrorCallback  stm32h7xx_hal_spi.o
    0x080039bc   0x080039bc   0x0000021c   Code   RO         4937    i.HAL_SPI_IRQHandler  stm32h7xx_hal_spi.o
    0x08003bd8   0x08003bd8   0x0000017c   Code   RO         4938    i.HAL_SPI_Init      stm32h7xx_hal_spi.o
    0x08003d54   0x08003d54   0x00000130   Code   RO         7415    i.HAL_SPI_MspInit   spi.o
    0x08003e84   0x08003e84   0x00000002   Code   RO         4944    i.HAL_SPI_RxCpltCallback  stm32h7xx_hal_spi.o
    0x08003e86   0x08003e86   0x00000002   Code   RO         4946    i.HAL_SPI_SuspendCallback  stm32h7xx_hal_spi.o
    0x08003e88   0x08003e88   0x00000266   Code   RO         4948    i.HAL_SPI_TransmitReceive  stm32h7xx_hal_spi.o
    0x080040ee   0x080040ee   0x00000002   Code   RO         4953    i.HAL_SPI_TxCpltCallback  stm32h7xx_hal_spi.o
    0x080040f0   0x080040f0   0x00000002   Code   RO         4955    i.HAL_SPI_TxRxCpltCallback  stm32h7xx_hal_spi.o
    0x080040f2   0x080040f2   0x00000002   Code   RO         5972    i.HAL_TIMEx_Break2Callback  stm32h7xx_hal_tim_ex.o
    0x080040f4   0x080040f4   0x00000002   Code   RO         5973    i.HAL_TIMEx_BreakCallback  stm32h7xx_hal_tim_ex.o
    0x080040f6   0x080040f6   0x00000002   Code   RO         5974    i.HAL_TIMEx_CommutCallback  stm32h7xx_hal_tim_ex.o
    0x080040f8   0x080040f8   0x000000b8   Code   RO         5995    i.HAL_TIMEx_MasterConfigSynchronization  stm32h7xx_hal_tim_ex.o
    0x080041b0   0x080041b0   0x00000062   Code   RO         5258    i.HAL_TIM_Base_Init  stm32h7xx_hal_tim.o
    0x08004212   0x08004212   0x00000002   Code   RO         5260    i.HAL_TIM_Base_MspInit  stm32h7xx_hal_tim.o
    0x08004214   0x08004214   0x000000a0   Code   RO         5263    i.HAL_TIM_Base_Start_IT  stm32h7xx_hal_tim.o
    0x080042b4   0x080042b4   0x00000002   Code   RO         5292    i.HAL_TIM_IC_CaptureCallback  stm32h7xx_hal_tim.o
    0x080042b6   0x080042b6   0x00000182   Code   RO         5306    i.HAL_TIM_IRQHandler  stm32h7xx_hal_tim.o
    0x08004438   0x08004438   0x00000050   Code   RO         7456    i.HAL_TIM_MspPostInit  tim.o
    0x08004488   0x08004488   0x00000002   Code   RO         5309    i.HAL_TIM_OC_DelayElapsedCallback  stm32h7xx_hal_tim.o
    0x0800448a   0x0800448a   0x00000124   Code   RO         5330    i.HAL_TIM_PWM_ConfigChannel  stm32h7xx_hal_tim.o
    0x080045ae   0x080045ae   0x00000062   Code   RO         5333    i.HAL_TIM_PWM_Init  stm32h7xx_hal_tim.o
    0x08004610   0x08004610   0x00000028   Code   RO         7458    i.HAL_TIM_PWM_MspInit  tim.o
    0x08004638   0x08004638   0x00000002   Code   RO         5336    i.HAL_TIM_PWM_PulseFinishedCallback  stm32h7xx_hal_tim.o
    0x0800463a   0x0800463a   0x00000002   PAD
    0x0800463c   0x0800463c   0x00000124   Code   RO         5338    i.HAL_TIM_PWM_Start  stm32h7xx_hal_tim.o
    0x08004760   0x08004760   0x00000014   Code   RO         7245    i.HAL_TIM_PeriodElapsedCallback  main.o
    0x08004774   0x08004774   0x00000002   Code   RO         5349    i.HAL_TIM_TriggerCallback  stm32h7xx_hal_tim.o
    0x08004776   0x08004776   0x00000002   PAD
    0x08004778   0x08004778   0x00000110   Code   RO         6457    i.H_K_R_Adjustment  kalman_filter.o
    0x08004888   0x08004888   0x00000002   Code   RO         7509    i.HardFault_Handler  stm32h7xx_it.o
    0x0800488a   0x0800488a   0x00000002   PAD
    0x0800488c   0x0800488c   0x000001a8   Code   RO         6579    i.IMU_QuaternionEKF_F_Linearization_P_Fading  quaternionekf.o
    0x08004a34   0x08004a34   0x000000fc   Code   RO         6580    i.IMU_QuaternionEKF_Init  quaternionekf.o
    0x08004b30   0x08004b30   0x00000034   Code   RO         6581    i.IMU_QuaternionEKF_Observe  quaternionekf.o
    0x08004b64   0x08004b64   0x000000dc   Code   RO         6583    i.IMU_QuaternionEKF_SetH  quaternionekf.o
    0x08004c40   0x08004c40   0x000003f4   Code   RO         6584    i.IMU_QuaternionEKF_Update  quaternionekf.o
    0x08005034   0x08005034   0x000003e4   Code   RO         6585    i.IMU_QuaternionEKF_xhatUpdate  quaternionekf.o
    0x08005418   0x08005418   0x00000048   Code   RO         7669    i.IMU_Temperature_Ctrl  imu_temp_ctrl.o
    0x08005460   0x08005460   0x00000010   Code   RO         7670    i.IMU_task          imu_temp_ctrl.o
    0x08005470   0x08005470   0x00000070   Code   RO         7671    i.INS_Init          imu_temp_ctrl.o
    0x080054e0   0x080054e0   0x00000190   Code   RO         7672    i.INS_Task          imu_temp_ctrl.o
    0x08005670   0x08005670   0x00000038   Code   RO         7765    i.IntToUnicode      usbd_desc.o
    0x080056a8   0x080056a8   0x00000424   Code   RO         6458    i.Kalman_Filter_Init  kalman_filter.o
    0x08005acc   0x08005acc   0x00000048   Code   RO         6459    i.Kalman_Filter_Measure  kalman_filter.o
    0x08005b14   0x08005b14   0x0000006a   Code   RO         6460    i.Kalman_Filter_P_Update  kalman_filter.o
    0x08005b7e   0x08005b7e   0x0000006c   Code   RO         6461    i.Kalman_Filter_PminusUpdate  kalman_filter.o
    0x08005bea   0x08005bea   0x000000ca   Code   RO         6463    i.Kalman_Filter_SetK  kalman_filter.o
    0x08005cb4   0x08005cb4   0x000000e8   Code   RO         6464    i.Kalman_Filter_Update  kalman_filter.o
    0x08005d9c   0x08005d9c   0x00000074   Code   RO         6465    i.Kalman_Filter_xhatMinusUpdate  kalman_filter.o
    0x08005e10   0x08005e10   0x00000084   Code   RO         6466    i.Kalman_Filter_xhatUpdate  kalman_filter.o
    0x08005e94   0x08005e94   0x0000003c   Code   RO         7390    i.MX_DMA_Init       dma.o
    0x08005ed0   0x08005ed0   0x00000040   Code   RO         7339    i.MX_FREERTOS_Init  freertos.o
    0x08005f10   0x08005f10   0x00000118   Code   RO         7314    i.MX_GPIO_Init      gpio.o
    0x08006028   0x08006028   0x00000064   Code   RO         7416    i.MX_SPI2_Init      spi.o
    0x0800608c   0x0800608c   0x00000074   Code   RO         7459    i.MX_TIM3_Init      tim.o
    0x08006100   0x08006100   0x00000054   Code   RO         7734    i.MX_USB_DEVICE_Init  usb_device.o
    0x08006154   0x08006154   0x000001f8   Code   RO         7122    i.MahonyAHRSinit    mahonyahrs.o
    0x0800634c   0x0800634c   0x000001d8   Code   RO         7123    i.MahonyAHRSupdateIMU  mahonyahrs.o
    0x08006524   0x08006524   0x00000040   Code   RO         7124    i.Mahony_Init       mahonyahrs.o
    0x08006564   0x08006564   0x000000c0   Code   RO         7125    i.Mahony_computeAngles  mahonyahrs.o
    0x08006624   0x08006624   0x0000003c   Code   RO         7126    i.Mahony_invSqrt    mahonyahrs.o
    0x08006660   0x08006660   0x00000330   Code   RO         7127    i.Mahony_update     mahonyahrs.o
    0x08006990   0x08006990   0x00000002   Code   RO         7510    i.MemManage_Handler  stm32h7xx_it.o
    0x08006992   0x08006992   0x00000002   Code   RO         7511    i.NMI_Handler       stm32h7xx_it.o
    0x08006994   0x08006994   0x0000000c   Code   RO         7512    i.OTG_HS_IRQHandler  stm32h7xx_it.o
    0x080069a0   0x080069a0   0x000000cc   Code   RO         1939    i.PCD_EP_OutXfrComplete_int  stm32h7xx_hal_pcd.o
    0x08006a6c   0x08006a6c   0x000000a2   Code   RO         1940    i.PCD_WriteEmptyTxFifo  stm32h7xx_hal_pcd.o
    0x08006b0e   0x08006b0e   0x00000002   PAD
    0x08006b10   0x08006b10   0x0000012c   Code   RO         7205    i.PID_calc          pid.o
    0x08006c3c   0x08006c3c   0x0000005c   Code   RO         7207    i.PID_init          pid.o
    0x08006c98   0x08006c98   0x00000120   Code   RO         2653    i.RCCEx_PLL2_Config  stm32h7xx_hal_rcc_ex.o
    0x08006db8   0x08006db8   0x00000120   Code   RO         2654    i.RCCEx_PLL3_Config  stm32h7xx_hal_rcc_ex.o
    0x08006ed8   0x08006ed8   0x0000000c   Code   RO         7513    i.SPI2_IRQHandler   stm32h7xx_it.o
    0x08006ee4   0x08006ee4   0x000000bc   Code   RO         4958    i.SPI_CloseTransfer  stm32h7xx_hal_spi.o
    0x08006fa0   0x08006fa0   0x0000001a   Code   RO         4959    i.SPI_DMAAbortOnError  stm32h7xx_hal_spi.o
    0x08006fba   0x08006fba   0x00000002   PAD
    0x08006fbc   0x08006fbc   0x00000046   Code   RO         4975    i.SPI_WaitOnFlagUntilTimeout  stm32h7xx_hal_spi.o
    0x08007002   0x08007002   0x0000000a   Code   RO         8280    i.SWAPBYTE          usbd_ctlreq.o
    0x0800700c   0x0800700c   0x00000010   Code   RO         7340    i.StartDefaultTask  freertos.o
    0x0800701c   0x0800701c   0x0000001a   Code   RO         1150    i.SysTick_Handler   cmsis_os2.o
    0x08007036   0x08007036   0x00000002   PAD
    0x08007038   0x08007038   0x0000009c   Code   RO         7246    i.SystemClock_Config  main.o
    0x080070d4   0x080070d4   0x000000c0   Code   RO         6276    i.SystemInit        system_stm32h7xx.o
    0x08007194   0x08007194   0x0000000c   Code   RO         7514    i.TIM1_UP_IRQHandler  stm32h7xx_it.o
    0x080071a0   0x080071a0   0x000000d8   Code   RO         5351    i.TIM_Base_SetConfig  stm32h7xx_hal_tim.o
    0x08007278   0x08007278   0x0000001a   Code   RO         5352    i.TIM_CCxChannelCmd  stm32h7xx_hal_tim.o
    0x08007292   0x08007292   0x00000002   PAD
    0x08007294   0x08007294   0x000000a8   Code   RO         5364    i.TIM_OC1_SetConfig  stm32h7xx_hal_tim.o
    0x0800733c   0x0800733c   0x00000098   Code   RO         5365    i.TIM_OC2_SetConfig  stm32h7xx_hal_tim.o
    0x080073d4   0x080073d4   0x00000098   Code   RO         5366    i.TIM_OC3_SetConfig  stm32h7xx_hal_tim.o
    0x0800746c   0x0800746c   0x00000078   Code   RO         5367    i.TIM_OC4_SetConfig  stm32h7xx_hal_tim.o
    0x080074e4   0x080074e4   0x00000074   Code   RO         5368    i.TIM_OC5_SetConfig  stm32h7xx_hal_tim.o
    0x08007558   0x08007558   0x00000074   Code   RO         5369    i.TIM_OC6_SetConfig  stm32h7xx_hal_tim.o
    0x080075cc   0x080075cc   0x00000076   Code   RO         8413    i.USBD_CDC_DataIn   usbd_cdc.o
    0x08007642   0x08007642   0x0000003c   Code   RO         8414    i.USBD_CDC_DataOut  usbd_cdc.o
    0x0800767e   0x0800767e   0x00000002   PAD
    0x08007680   0x08007680   0x00000090   Code   RO         8415    i.USBD_CDC_DeInit   usbd_cdc.o
    0x08007710   0x08007710   0x00000036   Code   RO         8416    i.USBD_CDC_EP0_RxReady  usbd_cdc.o
    0x08007746   0x08007746   0x00000002   PAD
    0x08007748   0x08007748   0x0000000c   Code   RO         8417    i.USBD_CDC_GetDeviceQualifierDescriptor  usbd_cdc.o
    0x08007754   0x08007754   0x00000040   Code   RO         8418    i.USBD_CDC_GetFSCfgDesc  usbd_cdc.o
    0x08007794   0x08007794   0x00000040   Code   RO         8419    i.USBD_CDC_GetHSCfgDesc  usbd_cdc.o
    0x080077d4   0x080077d4   0x00000040   Code   RO         8420    i.USBD_CDC_GetOtherSpeedCfgDesc  usbd_cdc.o
    0x08007814   0x08007814   0x0000011c   Code   RO         8421    i.USBD_CDC_Init     usbd_cdc.o
    0x08007930   0x08007930   0x00000038   Code   RO         8422    i.USBD_CDC_ReceivePacket  usbd_cdc.o
    0x08007968   0x08007968   0x00000016   Code   RO         8423    i.USBD_CDC_RegisterInterface  usbd_cdc.o
    0x0800797e   0x0800797e   0x0000001a   Code   RO         8424    i.USBD_CDC_SetRxBuffer  usbd_cdc.o
    0x08007998   0x08007998   0x0000001e   Code   RO         8425    i.USBD_CDC_SetTxBuffer  usbd_cdc.o
    0x080079b6   0x080079b6   0x000000ce   Code   RO         8426    i.USBD_CDC_Setup    usbd_cdc.o
    0x08007a84   0x08007a84   0x00000050   Code   RO         8427    i.USBD_CDC_TransmitPacket  usbd_cdc.o
    0x08007ad4   0x08007ad4   0x00000014   Code   RO         8121    i.USBD_ClrClassConfig  usbd_core.o
    0x08007ae8   0x08007ae8   0x00000004   Code   RO         8122    i.USBD_CoreFindEP   usbd_core.o
    0x08007aec   0x08007aec   0x00000004   Code   RO         8123    i.USBD_CoreFindIF   usbd_core.o
    0x08007af0   0x08007af0   0x00000010   Code   RO         8353    i.USBD_CtlContinueRx  usbd_ioreq.o
    0x08007b00   0x08007b00   0x00000010   Code   RO         8354    i.USBD_CtlContinueSendData  usbd_ioreq.o
    0x08007b10   0x08007b10   0x00000016   Code   RO         8281    i.USBD_CtlError     usbd_ctlreq.o
    0x08007b26   0x08007b26   0x0000001e   Code   RO         8355    i.USBD_CtlPrepareRx  usbd_ioreq.o
    0x08007b44   0x08007b44   0x00000016   Code   RO         8356    i.USBD_CtlReceiveStatus  usbd_ioreq.o
    0x08007b5a   0x08007b5a   0x0000001a   Code   RO         8357    i.USBD_CtlSendData  usbd_ioreq.o
    0x08007b74   0x08007b74   0x00000016   Code   RO         8358    i.USBD_CtlSendStatus  usbd_ioreq.o
    0x08007b8a   0x08007b8a   0x000000fa   Code   RO         8282    i.USBD_GetDescriptor  usbd_ctlreq.o
    0x08007c84   0x08007c84   0x0000003a   Code   RO         8125    i.USBD_GetEpDesc    usbd_core.o
    0x08007cbe   0x08007cbe   0x0000000e   Code   RO         8126    i.USBD_GetNextDesc  usbd_core.o
    0x08007ccc   0x08007ccc   0x0000004a   Code   RO         8283    i.USBD_GetString    usbd_ctlreq.o
    0x08007d16   0x08007d16   0x00000018   Code   RO         7927    i.USBD_Get_USB_Status  usbd_conf.o
    0x08007d2e   0x08007d2e   0x00000002   PAD
    0x08007d30   0x08007d30   0x00000020   Code   RO         7766    i.USBD_HS_ConfigStrDescriptor  usbd_desc.o
    0x08007d50   0x08007d50   0x0000000c   Code   RO         7767    i.USBD_HS_DeviceDescriptor  usbd_desc.o
    0x08007d5c   0x08007d5c   0x00000024   Code   RO         7768    i.USBD_HS_InterfaceStrDescriptor  usbd_desc.o
    0x08007d80   0x08007d80   0x0000000c   Code   RO         7769    i.USBD_HS_LangIDStrDescriptor  usbd_desc.o
    0x08007d8c   0x08007d8c   0x00000028   Code   RO         7770    i.USBD_HS_ManufacturerStrDescriptor  usbd_desc.o
    0x08007db4   0x08007db4   0x0000002c   Code   RO         7771    i.USBD_HS_ProductStrDescriptor  usbd_desc.o
    0x08007de0   0x08007de0   0x0000003c   Code   RO         7772    i.USBD_HS_SerialStrDescriptor  usbd_desc.o
    0x08007e1c   0x08007e1c   0x00000026   Code   RO         8127    i.USBD_Init         usbd_core.o
    0x08007e42   0x08007e42   0x00000012   Code   RO         7928    i.USBD_LL_ClearStallEP  usbd_conf.o
    0x08007e54   0x08007e54   0x00000012   Code   RO         7929    i.USBD_LL_CloseEP   usbd_conf.o
    0x08007e66   0x08007e66   0x000000b8   Code   RO         8128    i.USBD_LL_DataInStage  usbd_core.o
    0x08007f1e   0x08007f1e   0x00000090   Code   RO         8129    i.USBD_LL_DataOutStage  usbd_core.o
    0x08007fae   0x08007fae   0x00000004   Code   RO         8130    i.USBD_LL_DevConnected  usbd_core.o
    0x08007fb2   0x08007fb2   0x00000020   Code   RO         8131    i.USBD_LL_DevDisconnected  usbd_core.o
    0x08007fd2   0x08007fd2   0x00000008   Code   RO         7933    i.USBD_LL_GetRxDataSize  usbd_conf.o
    0x08007fda   0x08007fda   0x00000002   PAD
    0x08007fdc   0x08007fdc   0x00000068   Code   RO         7934    i.USBD_LL_Init      usbd_conf.o
    0x08008044   0x08008044   0x00000020   Code   RO         7935    i.USBD_LL_IsStallEP  usbd_conf.o
    0x08008064   0x08008064   0x00000028   Code   RO         8132    i.USBD_LL_IsoINIncomplete  usbd_core.o
    0x0800808c   0x0800808c   0x00000028   Code   RO         8133    i.USBD_LL_IsoOUTIncomplete  usbd_core.o
    0x080080b4   0x080080b4   0x00000018   Code   RO         7936    i.USBD_LL_OpenEP    usbd_conf.o
    0x080080cc   0x080080cc   0x00000012   Code   RO         7937    i.USBD_LL_PrepareReceive  usbd_conf.o
    0x080080de   0x080080de   0x0000005e   Code   RO         8134    i.USBD_LL_Reset     usbd_core.o
    0x0800813c   0x0800813c   0x00000014   Code   RO         8135    i.USBD_LL_Resume    usbd_core.o
    0x08008150   0x08008150   0x0000001a   Code   RO         8136    i.USBD_LL_SOF       usbd_core.o
    0x0800816a   0x0800816a   0x00000006   Code   RO         8137    i.USBD_LL_SetSpeed  usbd_core.o
    0x08008170   0x08008170   0x00000012   Code   RO         7938    i.USBD_LL_SetUSBAddress  usbd_conf.o
    0x08008182   0x08008182   0x00000060   Code   RO         8138    i.USBD_LL_SetupStage  usbd_core.o
    0x080081e2   0x080081e2   0x00000012   Code   RO         7939    i.USBD_LL_StallEP   usbd_conf.o
    0x080081f4   0x080081f4   0x00000012   Code   RO         7940    i.USBD_LL_Start     usbd_conf.o
    0x08008206   0x08008206   0x0000001a   Code   RO         8139    i.USBD_LL_Suspend   usbd_core.o
    0x08008220   0x08008220   0x00000012   Code   RO         7942    i.USBD_LL_Transmit  usbd_conf.o
    0x08008232   0x08008232   0x0000002a   Code   RO         8284    i.USBD_ParseSetupRequest  usbd_ctlreq.o
    0x0800825c   0x0800825c   0x0000003a   Code   RO         8140    i.USBD_RegisterClass  usbd_core.o
    0x08008296   0x08008296   0x00000014   Code   RO         8142    i.USBD_SetClassConfig  usbd_core.o
    0x080082aa   0x080082aa   0x00000002   PAD
    0x080082ac   0x080082ac   0x000000bc   Code   RO         8285    i.USBD_SetConfig    usbd_ctlreq.o
    0x08008368   0x08008368   0x00000004   Code   RO         8143    i.USBD_Start        usbd_core.o
    0x0800836c   0x0800836c   0x0000012e   Code   RO         8286    i.USBD_StdDevReq    usbd_ctlreq.o
    0x0800849a   0x0800849a   0x00000164   Code   RO         8287    i.USBD_StdEPReq     usbd_ctlreq.o
    0x080085fe   0x080085fe   0x00000074   Code   RO         8288    i.USBD_StdItfReq    usbd_ctlreq.o
    0x08008672   0x08008672   0x00000002   Code   RO         7943    i.USBD_static_free  usbd_conf.o
    0x08008674   0x08008674   0x00000008   Code   RO         7944    i.USBD_static_malloc  usbd_conf.o
    0x0800867c   0x0800867c   0x00000080   Code   RO         2221    i.USB_ActivateEndpoint  stm32h7xx_ll_usb.o
    0x080086fc   0x080086fc   0x0000001c   Code   RO         2223    i.USB_ActivateSetup  stm32h7xx_ll_usb.o
    0x08008718   0x08008718   0x00000088   Code   RO         2225    i.USB_CoreInit      stm32h7xx_ll_usb.o
    0x080087a0   0x080087a0   0x00000040   Code   RO         2226    i.USB_CoreReset     stm32h7xx_ll_usb.o
    0x080087e0   0x080087e0   0x000000cc   Code   RO         2229    i.USB_DeactivateEndpoint  stm32h7xx_ll_usb.o
    0x080088ac   0x080088ac   0x0000001c   Code   RO         2230    i.USB_DevConnect    stm32h7xx_ll_usb.o
    0x080088c8   0x080088c8   0x0000001c   Code   RO         2231    i.USB_DevDisconnect  stm32h7xx_ll_usb.o
    0x080088e4   0x080088e4   0x00000178   Code   RO         2232    i.USB_DevInit       stm32h7xx_ll_usb.o
    0x08008a5c   0x08008a5c   0x0000000c   Code   RO         2233    i.USB_DisableGlobalInt  stm32h7xx_ll_usb.o
    0x08008a68   0x08008a68   0x00000058   Code   RO         2236    i.USB_EP0_OutStart  stm32h7xx_ll_usb.o
    0x08008ac0   0x08008ac0   0x00000058   Code   RO         2237    i.USB_EPClearStall  stm32h7xx_ll_usb.o
    0x08008b18   0x08008b18   0x00000058   Code   RO         2238    i.USB_EPSetStall    stm32h7xx_ll_usb.o
    0x08008b70   0x08008b70   0x00000238   Code   RO         2239    i.USB_EPStartXfer   stm32h7xx_ll_usb.o
    0x08008da8   0x08008da8   0x0000009e   Code   RO         2240    i.USB_EPStopXfer    stm32h7xx_ll_usb.o
    0x08008e46   0x08008e46   0x0000000c   Code   RO         2241    i.USB_EnableGlobalInt  stm32h7xx_ll_usb.o
    0x08008e52   0x08008e52   0x00000002   PAD
    0x08008e54   0x08008e54   0x0000003c   Code   RO         2242    i.USB_FlushRxFifo   stm32h7xx_ll_usb.o
    0x08008e90   0x08008e90   0x00000040   Code   RO         2243    i.USB_FlushTxFifo   stm32h7xx_ll_usb.o
    0x08008ed0   0x08008ed0   0x0000001a   Code   RO         2245    i.USB_GetDevSpeed   stm32h7xx_ll_usb.o
    0x08008eea   0x08008eea   0x00000008   Code   RO         2247    i.USB_GetMode       stm32h7xx_ll_usb.o
    0x08008ef2   0x08008ef2   0x0000000e   Code   RO         2255    i.USB_ReadDevAllInEpInterrupt  stm32h7xx_ll_usb.o
    0x08008f00   0x08008f00   0x0000000e   Code   RO         2256    i.USB_ReadDevAllOutEpInterrupt  stm32h7xx_ll_usb.o
    0x08008f0e   0x08008f0e   0x00000024   Code   RO         2257    i.USB_ReadDevInEPInterrupt  stm32h7xx_ll_usb.o
    0x08008f32   0x08008f32   0x00000010   Code   RO         2258    i.USB_ReadDevOutEPInterrupt  stm32h7xx_ll_usb.o
    0x08008f42   0x08008f42   0x00000008   Code   RO         2259    i.USB_ReadInterrupts  stm32h7xx_ll_usb.o
    0x08008f4a   0x08008f4a   0x00000040   Code   RO         2260    i.USB_ReadPacket    stm32h7xx_ll_usb.o
    0x08008f8a   0x08008f8a   0x0000005e   Code   RO         2262    i.USB_SetCurrentMode  stm32h7xx_ll_usb.o
    0x08008fe8   0x08008fe8   0x00000022   Code   RO         2263    i.USB_SetDevAddress  stm32h7xx_ll_usb.o
    0x0800900a   0x0800900a   0x00000002   PAD
    0x0800900c   0x0800900c   0x000000e8   Code   RO         2265    i.USB_SetTurnaroundTime  stm32h7xx_ll_usb.o
    0x080090f4   0x080090f4   0x00000028   Code   RO         2268    i.USB_WritePacket   stm32h7xx_ll_usb.o
    0x0800911c   0x0800911c   0x00000002   Code   RO         7515    i.UsageFault_Handler  stm32h7xx_it.o
    0x0800911e   0x0800911e   0x00000026   Code   RO        14328    i.__ARM_fpclassifyf  m_wm.l(fpclassifyf.o)
    0x08009144   0x08009144   0x00000022   Code   RO         3859    i.__NVIC_SetPriority  stm32h7xx_hal_cortex.o
    0x08009166   0x08009166   0x00000002   PAD
    0x08009168   0x08009168   0x0000012c   Code   RO        14085    i.__hardfp_asinf    m_wm.l(asinf.o)
    0x08009294   0x08009294   0x00000250   Code   RO        14097    i.__hardfp_atan2f   m_wm.l(atan2f.o)
    0x080094e4   0x080094e4   0x00000150   Code   RO        14109    i.__hardfp_cosf     m_wm.l(cosf.o)
    0x08009634   0x08009634   0x00000190   Code   RO        14197    i.__hardfp_sinf     m_wm.l(sinf.o)
    0x080097c4   0x080097c4   0x0000003a   Code   RO        14221    i.__hardfp_sqrtf    m_wm.l(sqrtf.o)
    0x080097fe   0x080097fe   0x00000006   Code   RO        14331    i.__mathlib_flt_infnan  m_wm.l(funder.o)
    0x08009804   0x08009804   0x00000006   Code   RO        14332    i.__mathlib_flt_infnan2  m_wm.l(funder.o)
    0x0800980a   0x0800980a   0x00000002   PAD
    0x0800980c   0x0800980c   0x00000010   Code   RO        14333    i.__mathlib_flt_invalid  m_wm.l(funder.o)
    0x0800981c   0x0800981c   0x00000010   Code   RO        14336    i.__mathlib_flt_underflow  m_wm.l(funder.o)
    0x0800982c   0x0800982c   0x00000154   Code   RO        14347    i.__mathlib_rredf2  m_wm.l(rredf.o)
    0x08009980   0x08009980   0x0000000e   Code   RO        14392    i.__scatterload_copy  mc_w.l(handlers.o)
    0x0800998e   0x0800998e   0x00000002   Code   RO        14393    i.__scatterload_null  mc_w.l(handlers.o)
    0x08009990   0x08009990   0x0000000e   Code   RO        14394    i.__scatterload_zeroinit  mc_w.l(handlers.o)
    0x0800999e   0x0800999e   0x00000002   PAD
    0x080099a0   0x080099a0   0x0000000c   Code   RO        14370    i.__set_errno       mc_w.l(errno.o)
    0x080099ac   0x080099ac   0x0000021c   Code   RO        10082    i.arm_atan2_f32     fastmathfunctions.o
    0x08009bc8   0x08009bc8   0x00000084   Code   RO        10085    i.arm_cos_f32       fastmathfunctions.o
    0x08009c4c   0x08009c4c   0x0000004a   Code   RO        11461    i.arm_mat_add_f32   matrixfunctions.o
    0x08009c96   0x08009c96   0x00000008   Code   RO        11472    i.arm_mat_init_f32  matrixfunctions.o
    0x08009c9e   0x08009c9e   0x00000002   PAD
    0x08009ca0   0x08009ca0   0x00000218   Code   RO        11475    i.arm_mat_inverse_f32  matrixfunctions.o
    0x08009eb8   0x08009eb8   0x0000008c   Code   RO        11479    i.arm_mat_mult_f32  matrixfunctions.o
    0x08009f44   0x08009f44   0x0000004a   Code   RO        11494    i.arm_mat_sub_f32   matrixfunctions.o
    0x08009f8e   0x08009f8e   0x00000044   Code   RO        11498    i.arm_mat_trans_f32  matrixfunctions.o
    0x08009fd2   0x08009fd2   0x00000002   PAD
    0x08009fd4   0x08009fd4   0x00000110   Code   RO         6317    i.bmi088_accel_init  bmi088driver.o
    0x0800a0e4   0x0800a0e4   0x000000e0   Code   RO         6318    i.bmi088_gyro_init  bmi088driver.o
    0x0800a1c4   0x0800a1c4   0x0000001c   Code   RO         7131    i.invSqrt           mahonyahrs.o
    0x0800a1e0   0x0800a1e0   0x00000104   Code   RO         7247    i.main              main.o
    0x0800a2e4   0x0800a2e4   0x0000001c   Code   RO         1152    i.osDelay           cmsis_os2.o
    0x0800a300   0x0800a300   0x00000024   Code   RO         1166    i.osKernelInitialize  cmsis_os2.o
    0x0800a324   0x0800a324   0x00000038   Code   RO         1169    i.osKernelStart     cmsis_os2.o
    0x0800a35c   0x0800a35c   0x00000098   Code   RO         1197    i.osSemaphoreNew    cmsis_os2.o
    0x0800a3f4   0x0800a3f4   0x00000090   Code   RO         1211    i.osThreadNew       cmsis_os2.o
    0x0800a484   0x0800a484   0x0000005c   Code   RO          611    i.prvAddCurrentTaskToDelayedList  tasks.o
    0x0800a4e0   0x0800a4e0   0x000000d0   Code   RO          612    i.prvAddNewTaskToReadyList  tasks.o
    0x0800a5b0   0x0800a5b0   0x00000058   Code   RO          976    i.prvCheckForValidListAndQueue  timers.o
    0x0800a608   0x0800a608   0x00000026   Code   RO          208    i.prvCopyDataFromQueue  queue.o
    0x0800a62e   0x0800a62e   0x0000006c   Code   RO          209    i.prvCopyDataToQueue  queue.o
    0x0800a69a   0x0800a69a   0x00000034   Code   RO          613    i.prvDeleteTCB      tasks.o
    0x0800a6ce   0x0800a6ce   0x00000002   PAD
    0x0800a6d0   0x0800a6d0   0x00000050   Code   RO         1770    i.prvHeapInit       heap_4.o
    0x0800a720   0x0800a720   0x00000060   Code   RO          614    i.prvIdleTask       tasks.o
    0x0800a780   0x0800a780   0x00000022   Code   RO          211    i.prvInitialiseNewQueue  queue.o
    0x0800a7a2   0x0800a7a2   0x000000b0   Code   RO          615    i.prvInitialiseNewTask  tasks.o
    0x0800a852   0x0800a852   0x00000002   PAD
    0x0800a854   0x0800a854   0x0000004c   Code   RO         1771    i.prvInsertBlockIntoFreeList  heap_4.o
    0x0800a8a0   0x0800a8a0   0x0000003c   Code   RO          978    i.prvInsertTimerInActiveList  timers.o
    0x0800a8dc   0x0800a8dc   0x0000001c   Code   RO          212    i.prvIsQueueEmpty   queue.o
    0x0800a8f8   0x0800a8f8   0x000000f8   Code   RO          979    i.prvProcessReceivedCommands  timers.o
    0x0800a9f0   0x0800a9f0   0x000000c0   Code   RO          980    i.prvProcessTimerOrBlockTask  timers.o
    0x0800aab0   0x0800aab0   0x00000020   Code   RO          617    i.prvResetNextTaskUnblockTime  tasks.o
    0x0800aad0   0x0800aad0   0x00000028   Code   RO          981    i.prvSampleTimeNow  timers.o
    0x0800aaf8   0x0800aaf8   0x0000006c   Code   RO          982    i.prvSwitchTimerLists  timers.o
    0x0800ab64   0x0800ab64   0x00000028   Code   RO         1826    i.prvTaskExitError  port.o
    0x0800ab8c   0x0800ab8c   0x00000024   Code   RO          983    i.prvTimerTask      timers.o
    0x0800abb0   0x0800abb0   0x0000006a   Code   RO          213    i.prvUnlockQueue    queue.o
    0x0800ac1a   0x0800ac1a   0x00000002   PAD
    0x0800ac1c   0x0800ac1c   0x000000dc   Code   RO         1772    i.pvPortMalloc      heap_4.o
    0x0800acf8   0x0800acf8   0x00000030   Code   RO         1827    i.pxPortInitialiseStack  port.o
    0x0800ad28   0x0800ad28   0x0000003e   Code   RO        14223    i.sqrtf             m_wm.l(sqrtf.o)
    0x0800ad66   0x0800ad66   0x00000004   Code   RO         6467    i.user_malloc       kalman_filter.o
    0x0800ad6a   0x0800ad6a   0x00000026   Code   RO          168    i.uxListRemove      list.o
    0x0800ad90   0x0800ad90   0x00000018   Code   RO         1223    i.vApplicationGetIdleTaskMemory  cmsis_os2.o
    0x0800ada8   0x0800ada8   0x00000018   Code   RO         1224    i.vApplicationGetTimerTaskMemory  cmsis_os2.o
    0x0800adc0   0x0800adc0   0x00000016   Code   RO          169    i.vListInitialise   list.o
    0x0800add6   0x0800add6   0x00000006   Code   RO          170    i.vListInitialiseItem  list.o
    0x0800addc   0x0800addc   0x00000030   Code   RO          171    i.vListInsert       list.o
    0x0800ae0c   0x0800ae0c   0x00000018   Code   RO          172    i.vListInsertEnd    list.o
    0x0800ae24   0x0800ae24   0x00000040   Code   RO         1829    i.vPortEnterCritical  port.o
    0x0800ae64   0x0800ae64   0x00000028   Code   RO         1830    i.vPortExitCritical  port.o
    0x0800ae8c   0x0800ae8c   0x00000064   Code   RO         1773    i.vPortFree         heap_4.o
    0x0800aef0   0x0800aef0   0x00000024   Code   RO         1831    i.vPortSetupTimerInterrupt  port.o
    0x0800af14   0x0800af14   0x00000054   Code   RO         1832    i.vPortValidateInterruptPriority  port.o
    0x0800af68   0x0800af68   0x00000028   Code   RO          219    i.vQueueAddToRegistry  queue.o
    0x0800af90   0x0800af90   0x0000002e   Code   RO          220    i.vQueueDelete      queue.o
    0x0800afbe   0x0800afbe   0x00000002   PAD
    0x0800afc0   0x0800afc0   0x00000028   Code   RO          222    i.vQueueUnregisterQueue  queue.o
    0x0800afe8   0x0800afe8   0x00000044   Code   RO          223    i.vQueueWaitForMessageRestricted  queue.o
    0x0800b02c   0x0800b02c   0x0000004c   Code   RO          630    i.vTaskDelay        tasks.o
    0x0800b078   0x0800b078   0x00000010   Code   RO          635    i.vTaskInternalSetTimeOutState  tasks.o
    0x0800b088   0x0800b088   0x0000000c   Code   RO          636    i.vTaskMissedYield  tasks.o
    0x0800b094   0x0800b094   0x00000030   Code   RO          638    i.vTaskPlaceOnEventList  tasks.o
    0x0800b0c4   0x0800b0c4   0x00000038   Code   RO          639    i.vTaskPlaceOnEventListRestricted  tasks.o
    0x0800b0fc   0x0800b0fc   0x00000088   Code   RO          647    i.vTaskStartScheduler  tasks.o
    0x0800b184   0x0800b184   0x00000010   Code   RO          649    i.vTaskSuspendAll   tasks.o
    0x0800b194   0x0800b194   0x00000064   Code   RO          650    i.vTaskSwitchContext  tasks.o
    0x0800b1f8   0x0800b1f8   0x0000007c   Code   RO         6709    i.vofa_demo         algorithm.o
    0x0800b274   0x0800b274   0x00000034   Code   RO         6710    i.vofa_send_data    algorithm.o
    0x0800b2a8   0x0800b2a8   0x0000003c   Code   RO         6711    i.vofa_sendframetail  algorithm.o
    0x0800b2e4   0x0800b2e4   0x00000004   Code   RO         6712    i.vofa_start        algorithm.o
    0x0800b2e8   0x0800b2e8   0x00000004   Code   RO         6713    i.vofa_transmit     algorithm.o
    0x0800b2ec   0x0800b2ec   0x000000f4   Code   RO         1833    i.xPortStartScheduler  port.o
    0x0800b3e0   0x0800b3e0   0x0000002c   Code   RO         1834    i.xPortSysTickHandler  port.o
    0x0800b40c   0x0800b40c   0x0000003a   Code   RO          224    i.xQueueCreateCountingSemaphore  queue.o
    0x0800b446   0x0800b446   0x00000040   Code   RO          225    i.xQueueCreateCountingSemaphoreStatic  queue.o
    0x0800b486   0x0800b486   0x00000042   Code   RO          228    i.xQueueGenericCreate  queue.o
    0x0800b4c8   0x0800b4c8   0x00000066   Code   RO          229    i.xQueueGenericCreateStatic  queue.o
    0x0800b52e   0x0800b52e   0x00000002   PAD
    0x0800b530   0x0800b530   0x00000094   Code   RO          230    i.xQueueGenericReset  queue.o
    0x0800b5c4   0x0800b5c4   0x00000160   Code   RO          231    i.xQueueGenericSend  queue.o
    0x0800b724   0x0800b724   0x000000be   Code   RO          232    i.xQueueGenericSendFromISR  queue.o
    0x0800b7e2   0x0800b7e2   0x00000002   PAD
    0x0800b7e4   0x0800b7e4   0x0000013c   Code   RO          241    i.xQueueReceive     queue.o
    0x0800b920   0x0800b920   0x00000078   Code   RO          652    i.xTaskCheckForTimeOut  tasks.o
    0x0800b998   0x0800b998   0x0000005a   Code   RO          653    i.xTaskCreate       tasks.o
    0x0800b9f2   0x0800b9f2   0x00000056   Code   RO          654    i.xTaskCreateStatic  tasks.o
    0x0800ba48   0x0800ba48   0x0000001c   Code   RO          658    i.xTaskGetSchedulerState  tasks.o
    0x0800ba64   0x0800ba64   0x0000000c   Code   RO          659    i.xTaskGetTickCount  tasks.o
    0x0800ba70   0x0800ba70   0x000000c8   Code   RO          661    i.xTaskIncrementTick  tasks.o
    0x0800bb38   0x0800bb38   0x0000007c   Code   RO          664    i.xTaskPriorityDisinherit  tasks.o
    0x0800bbb4   0x0800bbb4   0x00000070   Code   RO          666    i.xTaskRemoveFromEventList  tasks.o
    0x0800bc24   0x0800bc24   0x000000c4   Code   RO          667    i.xTaskResumeAll    tasks.o
    0x0800bce8   0x0800bce8   0x00000060   Code   RO          992    i.xTimerCreateTimerTask  timers.o
    0x0800bd48   0x0800bd48   0x00000068   Code   RO          993    i.xTimerGenericCommand  timers.o
    0x0800bdb0   0x0800bdb0   0x00000008   Data   RO         3162    .constdata          stm32h7xx_hal_dma.o
    0x0800bdb8   0x0800bdb8   0x00000010   Data   RO         6277    .constdata          system_stm32h7xx.o
    0x0800bdc8   0x0800bdc8   0x00000120   Data   RO         6587    .constdata          quaternionekf.o
    0x0800bee8   0x0800bee8   0x00000058   Data   RO         7346    .constdata          freertos.o
    0x0800bf40   0x0800bf40   0x00000804   Data   RO         9291    .constdata          commontables.o
    0x0800c744   0x0800c744   0x00000070   Data   RO        10101    .constdata          fastmathfunctions.o
    0x0800c7b4   0x0800c7b4   0x00000020   Data   RO        14348    .constdata          m_wm.l(rredf.o)
    0x0800c7d4   0x0800c7d4   0x00000029   Data   RO         7347    .conststring        freertos.o
    0x0800c7fd   0x0800c7fd   0x00000003   PAD
    0x0800c800   0x0800c800   0x00000020   Data   RO        14390    Region$$Table       anon$$obj.o


    Execution Region RW_IRAM1 (Exec base: 0x20000000, Load base: 0x0800c820, Size: 0x0000d3e8, Max: 0x00020000, ABSOLUTE, COMPRESSED[0x0000011c])

    Exec Addr    Load Addr    Size         Type   Attr      Idx    E Section Name        Object

    0x20000000   COMPRESSED   0x0000003c   Data   RW          670    .data               tasks.o
    0x2000003c   COMPRESSED   0x00000014   Data   RW         1001    .data               timers.o
    0x20000050   COMPRESSED   0x00000004   Data   RW         1226    .data               cmsis_os2.o
    0x20000054   COMPRESSED   0x00000020   Data   RW         1779    .data               heap_4.o
    0x20000074   COMPRESSED   0x0000000c   Data   RW         1835    .data               port.o
    0x20000080   COMPRESSED   0x0000000c   Data   RW         4035    .data               stm32h7xx_hal.o
    0x2000008c   COMPRESSED   0x00000008   Data   RW         6278    .data               system_stm32h7xx.o
    0x20000094   COMPRESSED   0x0000002c   Data   RW         6319    .data               bmi088driver.o
    0x200000c0   COMPRESSED   0x00000004   Data   RW         6468    .data               kalman_filter.o
    0x200000c4   COMPRESSED   0x00000090   Data   RW         6588    .data               quaternionekf.o
    0x20000154   COMPRESSED   0x00000002   Data   RW         6715    .data               algorithm.o
    0x20000156   COMPRESSED   0x00000002   PAD
    0x20000158   COMPRESSED   0x00000040   Data   RW         6800    .data               bsp_dwt.o
    0x20000198   COMPRESSED   0x00000034   Data   RW         7132    .data               mahonyahrs.o
    0x200001cc   COMPRESSED   0x0000000c   Data   RW         7348    .data               freertos.o
    0x200001d8   COMPRESSED   0x00000034   Data   RW         7674    .data               imu_temp_ctrl.o
    0x2000020c   COMPRESSED   0x00000020   Data   RW         7775    .data               usbd_desc.o
    0x2000022c   COMPRESSED   0x0000003e   Data   RW         7776    .data               usbd_desc.o
    0x2000026a   COMPRESSED   0x00000002   PAD
    0x2000026c   COMPRESSED   0x00000014   Data   RW         7864    .data               usbd_cdc_if.o
    0x20000280   COMPRESSED   0x00000001   Data   RW         8289    .data               usbd_ctlreq.o
    0x20000281   COMPRESSED   0x00000003   PAD
    0x20000284   COMPRESSED   0x00000053   Data   RW         8428    .data               usbd_cdc.o
    0x200002d7   COMPRESSED   0x00000001   PAD
    0x200002d8   COMPRESSED   0x00000038   Data   RW         8429    .data               usbd_cdc.o
    0x20000310   COMPRESSED   0x00000004   Data   RW        14371    .data               mc_w.l(errno.o)
    0x20000314        -       0x00000040   Zero   RW          245    .bss                queue.o
    0x20000354        -       0x000004c4   Zero   RW          669    .bss                tasks.o
    0x20000818        -       0x00000118   Zero   RW         1000    .bss                timers.o
    0x20000930        -       0x000006b8   Zero   RW         1225    .bss                cmsis_os2.o
    0x20000fe8        -       0x00003c00   Zero   RW         1778    .bss                heap_4.o
    0x20004be8        -       0x00000270   Zero   RW         6586    .bss                quaternionekf.o
    0x20004e58        -       0x00000400   Zero   RW         6714    .bss                algorithm.o
    0x20005258        -       0x00000200   Zero   RW         7341    .bss                freertos.o
    0x20005458        -       0x0000005c   Zero   RW         7342    .bss                freertos.o
    0x200054b4        -       0x00004000   Zero   RW         7343    .bss                freertos.o
    0x200094b4        -       0x0000005c   Zero   RW         7344    .bss                freertos.o
    0x20009510        -       0x00000050   Zero   RW         7345    .bss                freertos.o
    0x20009560        -       0x00000178   Zero   RW         7417    .bss                spi.o
    0x200096d8        -       0x0000004c   Zero   RW         7460    .bss                tim.o
    0x20009724        -       0x0000004c   Zero   RW         7625    .bss                stm32h7xx_hal_timebase_tim.o
    0x20009770        -       0x0000006c   Zero   RW         7673    .bss                imu_temp_ctrl.o
    0x200097dc        -       0x000002dc   Zero   RW         7735    .bss                usb_device.o
    0x20009ab8        -       0x00000200   Zero   RW         7774    .bss                usbd_desc.o
    0x20009cb8        -       0x00001000   Zero   RW         7863    .bss                usbd_cdc_if.o
    0x2000acb8        -       0x0000072c   Zero   RW         7945    .bss                usbd_conf.o
    0x2000b3e4   COMPRESSED   0x00000004   PAD
    0x2000b3e8        -       0x00002000   Zero   RW         7658    STACK               startup_stm32h723xx.o


==============================================================================

Image component sizes


      Code (inc. data)   RO Data    RW Data    ZI Data      Debug   Object Name

       244         48          0          2       1024      12093   algorithm.o
       940         16          0         44          0       7242   bmi088driver.o
       172         28          0          0          0       5572   bmi088middleware.o
        72         18          0         64          0       2646   bsp_dwt.o
       490         22          0          4       1720    1248515   cmsis_os2.o
         0          0       2052          0          0      13509   commontables.o
         0          0          0          0          0       3776   controller.o
         0          0          0          0          0      21504   croutine.o
        60          4          0          0          0        958   dma.o
         0          0          0          0          0      19884   event_groups.o
       672         42        112          0          0       5490   fastmathfunctions.o
        80         18        129         12      17160       2758   freertos.o
       280         18          0          0          0       1211   gpio.o
       476         24          0         32      15360       5395   heap_4.o
       602         72          0         52        108       5457   imu_temp_ctrl.o
      2304         18          0          4          0      13481   kalman_filter.o
       138          0          0          0          0       4070   list.o
      2136         46          0         52          0       8298   mahonyahrs.o
       440         18          0          0          0      39479   main.o
       900         10          0          0          0      10516   matrixfunctions.o
       392         10          0          0          0       2906   pid.o
       790         84          0         12          0      12545   port.o
      2992        166        288        144        624      16586   quaternionekf.o
      1804         26          0          0         64      23607   queue.o
       404         36          0          0        376       2367   spi.o
        36          8        716          0       8192        872   startup_stm32h723xx.o
       156         32          0         12          0      23470   stm32h7xx_hal.o
       316         28          0          0          0      41764   stm32h7xx_hal_cortex.o
      3904        148          8          0          0       9383   stm32h7xx_hal_dma.o
       574         44          0          0          0       3175   stm32h7xx_hal_gpio.o
        36          4          0          0          0       1002   stm32h7xx_hal_msp.o
      2682         16          0          0          0      15064   stm32h7xx_hal_pcd.o
       120          6          0          0          0       3611   stm32h7xx_hal_pcd_ex.o
       100         10          0          0          0       1534   stm32h7xx_hal_pwr_ex.o
      2430        100          0          0          0       7750   stm32h7xx_hal_rcc.o
      2938         46          0          0          0       5459   stm32h7xx_hal_rcc_ex.o
      1828         18          0          0          0      10717   stm32h7xx_hal_spi.o
      2402        284          0          0          0      17035   stm32h7xx_hal_tim.o
       190         38          0          0          0       3584   stm32h7xx_hal_tim_ex.o
       132         22          0          0         76       1723   stm32h7xx_hal_timebase_tim.o
        94         30          0          0          0       6711   stm32h7xx_it.o
      2716        134          0          0          0      25764   stm32h7xx_ll_usb.o
         0          0          0          0          0        392   stream_buffer.o
       192         34         16          8          0       1634   system_stm32h7xx.o
      2084        162          0         60       1220      29184   tasks.o
       236         32          0          0         76       2747   tim.o
       972         84          0         20        280      33579   timers.o
        84         18          0          0        732        976   usb_device.o
      1284         40          0        139          0      16065   usbd_cdc.o
       116         22          0         20       4096       4628   usbd_cdc_if.o
       620         24          0          0       1836      19220   usbd_conf.o
       932          0          0          0          0      17391   usbd_core.o
      1360         22          0          1          0      15956   usbd_ctlreq.o
       292        106          0         94        512       7157   usbd_desc.o
       132          0          0          0          0       5152   usbd_ioreq.o

    ----------------------------------------------------------------------
     45412       2236       3356        784      53460    1822564   Object Totals
         0          0         32          0          0          0   (incl. Generated)
        66          0          3          8          4          0   (incl. Padding)

    ----------------------------------------------------------------------

      Code (inc. data)   RO Data    RW Data    ZI Data      Debug   Library Member Name

       300         42          0          0          0        176   asinf.o
       592         90          0          0          0        184   atan2f.o
       336         56          0          0          0        136   cosf.o
        38          0          0          0          0        116   fpclassifyf.o
        44         12          0          0          0        464   funder.o
       340         24         32          0          0        160   rredf.o
       400         56          0          0          0        212   sinf.o
       120          0          0          0          0        272   sqrtf.o
        86          0          0          0          0          0   __dczerorl2.o
         0          0          0          0          0          0   entry.o
         0          0          0          0          0          0   entry10a.o
         0          0          0          0          0          0   entry11a.o
         8          4          0          0          0          0   entry2.o
         4          0          0          0          0          0   entry5.o
         0          0          0          0          0          0   entry7b.o
         0          0          0          0          0          0   entry8b.o
         8          4          0          0          0          0   entry9a.o
        12          6          0          4          0         68   errno.o
        30          0          0          0          0          0   handlers.o
        36          8          0          0          0         68   init.o
         0          0          0          0          0          0   iusefp.o
        36          0          0          0          0         68   memcpya.o
        36          0          0          0          0        108   memseta.o

    ----------------------------------------------------------------------
      2432        302         32          4          0       2032   Library Totals
         6          0          0          0          0          0   (incl. Padding)

    ----------------------------------------------------------------------

      Code (inc. data)   RO Data    RW Data    ZI Data      Debug   Library Name

      2170        280         32          0          0       1720   m_wm.l
       256         22          0          4          0        312   mc_w.l

    ----------------------------------------------------------------------
      2432        302         32          4          0       2032   Library Totals

    ----------------------------------------------------------------------

==============================================================================


      Code (inc. data)   RO Data    RW Data    ZI Data      Debug   

     47844       2538       3388        788      53460    1788328   Grand Totals
     47844       2538       3388        284      53460    1788328   ELF Image Totals (compressed)
     47844       2538       3388        284          0          0   ROM Totals

==============================================================================

    Total RO  Size (Code + RO Data)                51232 (  50.03kB)
    Total RW  Size (RW Data + ZI Data)             54248 (  52.98kB)
    Total ROM Size (Code + RO Data + RW Data)      51516 (  50.31kB)

==============================================================================

